Archive member included to satisfy reference by file (symbol)

/opt/st/stm32cubeide_1.13.2/plugins/com.st.stm32cube.ide.mcu.externaltools.gnu-tools-for-stm32.11.3.rel1.linux64_1.1.1.202309131626/tools/bin/../lib/gcc/arm-none-eabi/11.3.1/../../../../arm-none-eabi/lib/thumb/v6-m/nofp/libc_nano.a(libc_a-exit.o)
                              /opt/st/stm32cubeide_1.13.2/plugins/com.st.stm32cube.ide.mcu.externaltools.gnu-tools-for-stm32.11.3.rel1.linux64_1.1.1.202309131626/tools/bin/../lib/gcc/arm-none-eabi/11.3.1/../../../../arm-none-eabi/lib/thumb/v6-m/nofp/crt0.o (exit)
/opt/st/stm32cubeide_1.13.2/plugins/com.st.stm32cube.ide.mcu.externaltools.gnu-tools-for-stm32.11.3.rel1.linux64_1.1.1.202309131626/tools/bin/../lib/gcc/arm-none-eabi/11.3.1/../../../../arm-none-eabi/lib/thumb/v6-m/nofp/libc_nano.a(libc_a-malloc.o)
                              ./Src/ws2812b.o (malloc)
/opt/st/stm32cubeide_1.13.2/plugins/com.st.stm32cube.ide.mcu.externaltools.gnu-tools-for-stm32.11.3.rel1.linux64_1.1.1.202309131626/tools/bin/../lib/gcc/arm-none-eabi/11.3.1/../../../../arm-none-eabi/lib/thumb/v6-m/nofp/libc_nano.a(libc_a-mallocr.o)
                              /opt/st/stm32cubeide_1.13.2/plugins/com.st.stm32cube.ide.mcu.externaltools.gnu-tools-for-stm32.11.3.rel1.linux64_1.1.1.202309131626/tools/bin/../lib/gcc/arm-none-eabi/11.3.1/../../../../arm-none-eabi/lib/thumb/v6-m/nofp/libc_nano.a(libc_a-malloc.o) (_malloc_r)
/opt/st/stm32cubeide_1.13.2/plugins/com.st.stm32cube.ide.mcu.externaltools.gnu-tools-for-stm32.11.3.rel1.linux64_1.1.1.202309131626/tools/bin/../lib/gcc/arm-none-eabi/11.3.1/../../../../arm-none-eabi/lib/thumb/v6-m/nofp/libc_nano.a(libc_a-mlock.o)
                              /opt/st/stm32cubeide_1.13.2/plugins/com.st.stm32cube.ide.mcu.externaltools.gnu-tools-for-stm32.11.3.rel1.linux64_1.1.1.202309131626/tools/bin/../lib/gcc/arm-none-eabi/11.3.1/../../../../arm-none-eabi/lib/thumb/v6-m/nofp/libc_nano.a(libc_a-mallocr.o) (__malloc_lock)
/opt/st/stm32cubeide_1.13.2/plugins/com.st.stm32cube.ide.mcu.externaltools.gnu-tools-for-stm32.11.3.rel1.linux64_1.1.1.202309131626/tools/bin/../lib/gcc/arm-none-eabi/11.3.1/../../../../arm-none-eabi/lib/thumb/v6-m/nofp/libc_nano.a(libc_a-findfp.o)
                              /opt/st/stm32cubeide_1.13.2/plugins/com.st.stm32cube.ide.mcu.externaltools.gnu-tools-for-stm32.11.3.rel1.linux64_1.1.1.202309131626/tools/bin/../lib/gcc/arm-none-eabi/11.3.1/../../../../arm-none-eabi/lib/thumb/v6-m/nofp/libc_nano.a(libc_a-exit.o) (__stdio_exit_handler)
/opt/st/stm32cubeide_1.13.2/plugins/com.st.stm32cube.ide.mcu.externaltools.gnu-tools-for-stm32.11.3.rel1.linux64_1.1.1.202309131626/tools/bin/../lib/gcc/arm-none-eabi/11.3.1/../../../../arm-none-eabi/lib/thumb/v6-m/nofp/libc_nano.a(libc_a-fwalk.o)
                              /opt/st/stm32cubeide_1.13.2/plugins/com.st.stm32cube.ide.mcu.externaltools.gnu-tools-for-stm32.11.3.rel1.linux64_1.1.1.202309131626/tools/bin/../lib/gcc/arm-none-eabi/11.3.1/../../../../arm-none-eabi/lib/thumb/v6-m/nofp/libc_nano.a(libc_a-findfp.o) (_fwalk_sglue)
/opt/st/stm32cubeide_1.13.2/plugins/com.st.stm32cube.ide.mcu.externaltools.gnu-tools-for-stm32.11.3.rel1.linux64_1.1.1.202309131626/tools/bin/../lib/gcc/arm-none-eabi/11.3.1/../../../../arm-none-eabi/lib/thumb/v6-m/nofp/libc_nano.a(libc_a-stdio.o)
                              /opt/st/stm32cubeide_1.13.2/plugins/com.st.stm32cube.ide.mcu.externaltools.gnu-tools-for-stm32.11.3.rel1.linux64_1.1.1.202309131626/tools/bin/../lib/gcc/arm-none-eabi/11.3.1/../../../../arm-none-eabi/lib/thumb/v6-m/nofp/libc_nano.a(libc_a-findfp.o) (__sread)
/opt/st/stm32cubeide_1.13.2/plugins/com.st.stm32cube.ide.mcu.externaltools.gnu-tools-for-stm32.11.3.rel1.linux64_1.1.1.202309131626/tools/bin/../lib/gcc/arm-none-eabi/11.3.1/../../../../arm-none-eabi/lib/thumb/v6-m/nofp/libc_nano.a(libc_a-memset.o)
                              /opt/st/stm32cubeide_1.13.2/plugins/com.st.stm32cube.ide.mcu.externaltools.gnu-tools-for-stm32.11.3.rel1.linux64_1.1.1.202309131626/tools/bin/../lib/gcc/arm-none-eabi/11.3.1/../../../../arm-none-eabi/lib/thumb/v6-m/nofp/crt0.o (memset)
/opt/st/stm32cubeide_1.13.2/plugins/com.st.stm32cube.ide.mcu.externaltools.gnu-tools-for-stm32.11.3.rel1.linux64_1.1.1.202309131626/tools/bin/../lib/gcc/arm-none-eabi/11.3.1/../../../../arm-none-eabi/lib/thumb/v6-m/nofp/libc_nano.a(libc_a-closer.o)
                              /opt/st/stm32cubeide_1.13.2/plugins/com.st.stm32cube.ide.mcu.externaltools.gnu-tools-for-stm32.11.3.rel1.linux64_1.1.1.202309131626/tools/bin/../lib/gcc/arm-none-eabi/11.3.1/../../../../arm-none-eabi/lib/thumb/v6-m/nofp/libc_nano.a(libc_a-stdio.o) (_close_r)
/opt/st/stm32cubeide_1.13.2/plugins/com.st.stm32cube.ide.mcu.externaltools.gnu-tools-for-stm32.11.3.rel1.linux64_1.1.1.202309131626/tools/bin/../lib/gcc/arm-none-eabi/11.3.1/../../../../arm-none-eabi/lib/thumb/v6-m/nofp/libc_nano.a(libc_a-reent.o)
[...]
Memory Configuration

Name             Origin             Length             Attributes
RAM              0x0000000020000000 0x0000000000009000 xrw
FLASH            0x0000000008000000 0x0000000000020000 xr
*default*        0x0000000000000000 0xffffffffffffffff

Linker script and memory map

LOAD /opt/st/stm32cubeide_1.13.2/plugins/com.st.stm32cube.ide.mcu.externaltools.gnu-tools-for-stm32.11.3.rel1.linux64_1.1.1.202309131626/tools/bin/../lib/gcc/arm-none-eabi/11.3.1/thumb/v6-m/nofp/crti.o
LOAD /opt/st/stm32cubeide_1.13.2/plugins/com.st.stm32cube.ide.mcu.externaltools.gnu-tools-for-stm32.11.3.rel1.linux64_1.1.1.202309131626/tools/bin/../lib/gcc/arm-none-eabi/11.3.1/thumb/v6-m/nofp/crtbegin.o
LOAD /opt/st/stm32cubeide_1.13.2/plugins/com.st.stm32cube.ide.mcu.externaltools.gnu-tools-for-stm32.11.3.rel1.linux64_1.1.1.202309131626/tools/bin/../lib/gcc/arm-none-eabi/11.3.1/../../../../arm-none-eabi/lib/thumb/v6-m/nofp/crt0.o
LOAD ./Drivers/STM32G0xx_HAL_Driver/Src/stm32g0xx_hal.o
LOAD ./Drivers/STM32G0xx_HAL_Driver/Src/stm32g0xx_hal_cortex.o
LOAD ./Drivers/STM32G0xx_HAL_Driver/Src/stm32g0xx_hal_dma.o
LOAD ./Drivers/STM32G0xx_HAL_Driver/Src/stm32g0xx_hal_dma_ex.o
LOAD ./Drivers/STM32G0xx_HAL_Driver/Src/stm32g0xx_hal_exti.o
LOAD ./Drivers/STM32G0xx_HAL_Driver/Src/stm32g0xx_hal_flash.o
LOAD ./Drivers/STM32G0xx_HAL_Driver/Src/stm32g0xx_hal_flash_ex.o
LOAD ./Drivers/STM32G0xx_HAL_Driver/Src/stm32g0xx_hal_gpio.o
LOAD ./Drivers/STM32G0xx_HAL_Driver/Src/stm32g0xx_hal_pwr.o
LOAD ./Drivers/STM32G0xx_HAL_Driver/Src/stm32g0xx_hal_pwr_ex.o
LOAD ./Drivers/STM32G0xx_HAL_Driver/Src/stm32g0xx_hal_rcc.o
LOAD ./Drivers/STM32G0xx_HAL_Driver/Src/stm32g0xx_hal_rcc_ex.o
LOAD ./Drivers/STM32G0xx_HAL_Driver/Src/stm32g0xx_hal_spi.o
LOAD ./Drivers/STM32G0xx_HAL_Driver/Src/stm32g0xx_hal_spi_ex.o
LOAD ./Drivers/STM32G0xx_HAL_Driver/Src/stm32g0xx_hal_tim.o
LOAD ./Drivers/STM32G0xx_HAL_Driver/Src/stm32g0xx_hal_tim_ex.o
LOAD ./Drivers/STM32G0xx_HAL_Driver/Src/stm32g0xx_ll_dma.o
LOAD ./Drivers/STM32G0xx_HAL_Driver/Src/stm32g0xx_ll_rcc.o
LOAD ./Src/carstripe.o
LOAD ./Src/dma.o
LOAD ./Src/gpio.o
LOAD ./Src/main.o
LOAD ./Src/radio433.o
LOAD ./Src/spi.o
LOAD ./Src/stm32g0xx_hal_msp.o
LOAD ./Src/stm32g0xx_it.o
LOAD ./Src/syscalls.o
LOAD ./Src/sysmem.o
LOAD ./Src/system_stm32g0xx.o
LOAD ./Src/tim.o
LOAD ./Src/ws2812b.o
LOAD ./Src/wsfx.o
LOAD ./Startup/startup_stm32g071kbtx.o
START GROUP
LOAD /opt/st/stm32cubeide_1.13.2/plugins/com.st.stm32cube.ide.mcu.externaltools.gnu-tools-for-stm32.11.3.rel1.linux64_1.1.1.202309131626/tools/bin/../lib/gcc/arm-none-eabi/11.3.1/../../../../arm-none-eabi/lib/thumb/v6-m/nofp/libc_nano.a
LOAD /opt/st/stm32cubeide_1.13.2/plugins/com.st.stm32cube.ide.mcu.externaltools.gnu-tools-for-stm32.11.3.rel1.linux64_1.1.1.202309131626/tools/bin/../lib/gcc/arm-none-eabi/11.3.1/../../../../arm-none-eabi/lib/thumb/v6-m/nofp/libm.a
END GROUP
START GROUP
LOAD /opt/st/stm32cubeide_1.13.2/plugins/com.st.stm32cube.ide.mcu.externaltools.gnu-tools-for-stm32.11.3.rel1.linux64_1.1.1.202309131626/tools/bin/../lib/gcc/arm-none-eabi/11.3.1/thumb/v6-m/nofp/libgcc.a
LOAD /opt/st/stm32cubeide_1.13.2/plugins/com.st.stm32cube.ide.mcu.externaltools.gnu-tools-for-stm32.11.3.rel1.linux64_1.1.1.202309131626/tools/bin/../lib/gcc/arm-none-eabi/11.3.1/../../../../arm-none-eabi/lib/thumb/v6-m/nofp/libc_nano.a
END GROUP
START GROUP
LOAD /opt/st/stm32cubeide_1.13.2/plugins/com.st.stm32cube.ide.mcu.externaltools.gnu-tools-for-stm32.11.3.rel1.linux64_1.1.1.202309131626/tools/bin/../lib/gcc/arm-none-eabi/11.3.1/thumb/v6-m/nofp/libgcc.a
LOAD /opt/st/stm32cubeide_1.13.2/plugins/com.st.stm32cube.ide.mcu.externaltools.gnu-tools-for-stm32.11.3.rel1.linux64_1.1.1.202309131626/tools/bin/../lib/gcc/arm-none-eabi/11.3.1/../../../../arm-none-eabi/lib/thumb/v6-m/nofp/libc_nano.a
LOAD /opt/st/stm32cubeide_1.13.2/plugins/com.st.stm32cube.ide.mcu.externaltools.gnu-tools-for-stm32.11.3.rel1.linux64_1.1.1.202309131626/tools/bin/../lib/gcc/arm-none-eabi/11.3.1/../../../../arm-none-eabi/lib/thumb/v6-m/nofp/libnosys.a
END GROUP
START GROUP
LOAD /opt/st/stm32cubeide_1.13.2/plugins/com.st.stm32cube.ide.mcu.externaltools.gnu-tools-for-stm32.11.3.rel1.linux64_1.1.1.202309131626/tools/bin/../lib/gcc/arm-none-eabi/11.3.1/thumb/v6-m/nofp/libgcc.a
LOAD /opt/st/stm32cubeide_1.13.2/plugins/com.st.stm32cube.ide.mcu.externaltools.gnu-tools-for-stm32.11.3.rel1.linux64_1.1.1.202309131626/tools/bin/../lib/gcc/arm-none-eabi/11.3.1/../../../../arm-none-eabi/lib/thumb/v6-m/nofp/libc_nano.a
LOAD /opt/st/stm32cubeide_1.13.2/plugins/com.st.stm32cube.ide.mcu.externaltools.gnu-tools-for-stm32.11.3.rel1.linux64_1.1.1.202309131626/tools/bin/../lib/gcc/arm-none-eabi/11.3.1/../../../../arm-none-eabi/lib/thumb/v6-m/nofp/libnosys.a
END GROUP
LOAD /opt/st/stm32cubeide_1.13.2/plugins/com.st.stm32cube.ide.mcu.externaltools.gnu-tools-for-stm32.11.3.rel1.linux64_1.1.1.202309131626/tools/bin/../lib/gcc/arm-none-eabi/11.3.1/thumb/v6-m/nofp/crtend.o
LOAD /opt/st/stm32cubeide_1.13.2/plugins/com.st.stm32cube.ide.mcu.externaltools.gnu-tools-for-stm32.11.3.rel1.linux64_1.1.1.202309131626/tools/bin/../lib/gcc/arm-none-eabi/11.3.1/thumb/v6-m/nofp/crtn.o
                0x0000000020009000                _estack = (ORIGIN (RAM) + LENGTH (RAM))
                0x0000000000000200                _Min_Heap_Size = 0x200
                0x0000000000000400                _Min_Stack_Size = 0x400

.isr_vector     0x0000000008000000       0xbc
                0x0000000008000000                . = ALIGN (0x4)
 *(.isr_vector)
 .isr_vector    0x0000000008000000       0xbc ./Startup/startup_stm32g071kbtx.o
                0x0000000008000000                g_pfnVectors
                0x00000000080000bc                . = ALIGN (0x4)

.text           0x00000000080000bc     0x5d14
                0x00000000080000bc                . = ALIGN (0x4)
 *(.text)
 .text          0x00000000080000bc       0x48 /opt/st/stm32cubeide_1.13.2/plugins/com.st.stm32cube.ide.mcu.externaltools.gnu-tools-for-stm32.11.3.rel1.linux64_1.1.1.202309131626/tools/bin/../lib/gcc/arm-none-eabi/11.3.1/thumb/v6-m/nofp/crtbegin.o
 .text          0x0000000008000104      0x114 /opt/st/stm32cubeide_1.13.2/plugins/com.st.stm32cube.ide.mcu.externaltools.gnu-tools-for-stm32.11.3.rel1.linux64_1.1.1.202309131626/tools/bin/../lib/gcc/arm-none-eabi/11.3.1/thumb/v6-m/nofp/libgcc.a(_udivsi3.o)
                0x0000000008000104                __udivsi3
                0x0000000008000104                __aeabi_uidiv
                0x0000000008000210                __aeabi_uidivmod
 .text          0x0000000008000218      0x1d4 /opt/st/stm32cubeide_1.13.2/plugins/com.st.stm32cube.ide.mcu.externaltools.gnu-tools-for-stm32.11.3.rel1.linux64_1.1.1.202309131626/tools/bin/../lib/gcc/arm-none-eabi/11.3.1/thumb/v6-m/nofp/libgcc.a(_divsi3.o)
                0x0000000008000218                __aeabi_idiv
                0x0000000008000218                __divsi3
                0x00000000080003e4                __aeabi_idivmod
 .text          0x00000000080003ec        0x4 /opt/st/stm32cubeide_1.13.2/plugins/com.st.stm32cube.ide.mcu.externaltools.gnu-tools-for-stm32.11.3.rel1.linux64_1.1.1.202309131626/tools/bin/../lib/gcc/arm-none-eabi/11.3.1/thumb/v6-m/nofp/libgcc.a(_dvmd_tls.o)
                0x00000000080003ec                __aeabi_ldiv0
                0x00000000080003ec                __aeabi_idiv0
 .text          0x00000000080003f0       0x74 /opt/st/stm32cubeide_1.13.2/plugins/com.st.stm32cube.ide.mcu.externaltools.gnu-tools-for-stm32.11.3.rel1.linux64_1.1.1.202309131626/tools/bin/../lib/gcc/arm-none-eabi/11.3.1/thumb/v6-m/nofp/libgcc.a(_arm_cmpsf2.o)
                0x00000000080003f0                __aeabi_cfrcmple
                0x00000000080003f8                __aeabi_cfcmple
                0x00000000080003f8                __aeabi_cfcmpeq
                0x0000000008000408                __aeabi_fcmpeq
                0x0000000008000414                __aeabi_fcmplt
                0x0000000008000428                __aeabi_fcmple
                0x000000000800043c                __aeabi_fcmpgt
                0x0000000008000450                __aeabi_fcmpge
 .text          0x0000000008000464       0x30 /opt/st/stm32cubeide_1.13.2/plugins/com.st.stm32cube.ide.mcu.externaltools.gnu-tools-for-stm32.11.3.rel1.linux64_1.1.1.202309131626/tools/bin/../lib/gcc/arm-none-eabi/11.3.1/thumb/v6-m/nofp/libgcc.a(_fixunssfsi.o)
                0x0000000008000464                __aeabi_f2uiz
                0x0000000008000464                __fixunssfsi
 .text          0x0000000008000494      0x340 /opt/st/stm32cubeide_1.13.2/plugins/com.st.stm32cube.ide.mcu.externaltools.gnu-tools-for-stm32.11.3.rel1.linux64_1.1.1.202309131626/tools/bin/../lib/gcc/arm-none-eabi/11.3.1/thumb/v6-m/nofp/libgcc.a(addsf3.o)
                0x0000000008000494                __aeabi_fadd
 .text          0x00000000080007d4      0x234 /opt/st/stm32cubeide_1.13.2/plugins/com.st.stm32cube.ide.mcu.externaltools.gnu-tools-for-stm32.11.3.rel1.linux64_1.1.1.202309131626/tools/bin/../lib/gcc/arm-none-eabi/11.3.1/thumb/v6-m/nofp/libgcc.a(divsf3.o)
                0x00000000080007d4                __aeabi_fdiv
 .text          0x0000000008000a08       0x4c /opt/st/stm32cubeide_1.13.2/plugins/com.st.stm32cube.ide.mcu.externaltools.gnu-tools-for-stm32.11.3.rel1.linux64_1.1.1.202309131626/tools/bin/../lib/gcc/arm-none-eabi/11.3.1/thumb/v6-m/nofp/libgcc.a(eqsf2.o)
                0x0000000008000a08                __nesf2
                0x0000000008000a08                __eqsf2
 .text          0x0000000008000a54       0x8c /opt/st/stm32cubeide_1.13.2/plugins/com.st.stm32cube.ide.mcu.externaltools.gnu-tools-for-stm32.11.3.rel1.linux64_1.1.1.202309131626/tools/bin/../lib/gcc/arm-none-eabi/11.3.1/thumb/v6-m/nofp/libgcc.a(gesf2.o)
                0x0000000008000a54                __gtsf2
                0x0000000008000a54                __gesf2
 .text          0x0000000008000ae0       0x88 /opt/st/stm32cubeide_1.13.2/plugins/com.st.stm32cube.ide.mcu.externaltools.gnu-tools-for-stm32.11.3.rel1.linux64_1.1.1.202309131626/tools/bin/../lib/gcc/arm-none-eabi/11.3.1/thumb/v6-m/nofp/libgcc.a(lesf2.o)
                0x0000000008000ae0                __lesf2
                0x0000000008000ae0                __ltsf2
 .text          0x0000000008000b68      0x29c /opt/st/stm32cubeide_1.13.2/plugins/com.st.stm32cube.ide.mcu.externaltools.gnu-tools-for-stm32.11.3.rel1.linux64_1.1.1.202309131626/tools/bin/../lib/gcc/arm-none-eabi/11.3.1/thumb/v6-m/nofp/libgcc.a(mulsf3.o)
                0x0000000008000b68                __aeabi_fmul
 .text          0x0000000008000e04      0x340 /opt/st/stm32cubeide_1.13.2/plugins/com.st.stm32cube.ide.mcu.externaltools.gnu-tools-for-stm32.11.3.rel1.linux64_1.1.1.202309131626/tools/bin/../lib/gcc/arm-none-eabi/11.3.1/thumb/v6-m/nofp/libgcc.a(subsf3.o)
                0x0000000008000e04                __aeabi_fsub
 .text          0x0000000008001144       0x2c /opt/st/stm32cubeide_1.13.2/plugins/com.st.stm32cube.ide.mcu.externaltools.gnu-tools-for-stm32.11.3.rel1.linux64_1.1.1.202309131626/tools/bin/../lib/gcc/arm-none-eabi/11.3.1/thumb/v6-m/nofp/libgcc.a(unordsf2.o)
                0x0000000008001144                __aeabi_fcmpun
 .text          0x0000000008001170       0x40 /opt/st/stm32cubeide_1.13.2/plugins/com.st.stm32cube.ide.mcu.externaltools.gnu-tools-for-stm32.11.3.rel1.linux64_1.1.1.202309131626/tools/bin/../lib/gcc/arm-none-eabi/11.3.1/thumb/v6-m/nofp/libgcc.a(fixsfsi.o)
                0x0000000008001170                __aeabi_f2iz
 .text          0x00000000080011b0       0x90 /opt/st/stm32cubeide_1.13.2/plugins/com.st.stm32cube.ide.mcu.externaltools.gnu-tools-for-stm32.11.3.rel1.linux64_1.1.1.202309131626/tools/bin/../lib/gcc/arm-none-eabi/11.3.1/thumb/v6-m/nofp/libgcc.a(floatunsisf.o)
                0x00000000080011b0                __aeabi_ui2f
 .text          0x0000000008001240      0x584 /opt/st/stm32cubeide_1.13.2/plugins/com.st.stm32cube.ide.mcu.externaltools.gnu-tools-for-stm32.11.3.rel1.linux64_1.1.1.202309131626/tools/bin/../lib/gcc/arm-none-eabi/11.3.1/thumb/v6-m/nofp/libgcc.a(muldf3.o)
                0x0000000008001240                __aeabi_dmul
 .text          0x00000000080017c4      0x704 /opt/st/stm32cubeide_1.13.2/plugins/com.st.stm32cube.ide.mcu.externaltools.gnu-tools-for-stm32.11.3.rel1.linux64_1.1.1.202309131626/tools/bin/../lib/gcc/arm-none-eabi/11.3.1/thumb/v6-m/nofp/libgcc.a(subdf3.o)
                0x00000000080017c4                __aeabi_dsub
 .text          0x0000000008001ec8       0x90 /opt/st/stm32cubeide_1.13.2/plugins/com.st.stm32cube.ide.mcu.externaltools.gnu-tools-for-stm32.11.3.rel1.linux64_1.1.1.202309131626/tools/bin/../lib/gcc/arm-none-eabi/11.3.1/thumb/v6-m/nofp/libgcc.a(extendsfdf2.o)
                0x0000000008001ec8                __aeabi_f2d
 .text          0x0000000008001f58      0x10c /opt/st/stm32cubeide_1.13.2/plugins/com.st.stm32cube.ide.mcu.externaltools.gnu-tools-for-stm32.11.3.rel1.linux64_1.1.1.202309131626/tools/bin/../lib/gcc/arm-none-eabi/11.3.1/thumb/v6-m/nofp/libgcc.a(truncdfsf2.o)
                0x0000000008001f58                __aeabi_d2f
 .text          0x0000000008002064       0x3c /opt/st/stm32cubeide_1.13.2/plugins/com.st.stm32cube.ide.mcu.externaltools.gnu-tools-for-stm32.11.3.rel1.linux64_1.1.1.202309131626/tools/bin/../lib/gcc/arm-none-eabi/11.3.1/thumb/v6-m/nofp/libgcc.a(_clzsi2.o)
                0x0000000008002064                __clzsi2
 *(.text*)
 .text.HAL_Init
                0x00000000080020a0       0x40 ./Drivers/STM32G0xx_HAL_Driver/Src/stm32g0xx_hal.o
                0x00000000080020a0                HAL_Init
 .text.HAL_InitTick
                0x00000000080020e0       0x94 ./Drivers/STM32G0xx_HAL_Driver/Src/stm32g0xx_hal.o
                0x00000000080020e0                HAL_InitTick
 .text.HAL_IncTick
                0x0000000008002174       0x24 ./Drivers/STM32G0xx_HAL_Driver/Src/stm32g0xx_hal.o
                0x0000000008002174                HAL_IncTick
 .text.HAL_GetTick
                0x0000000008002198       0x14 ./Drivers/STM32G0xx_HAL_Driver/Src/stm32g0xx_hal.o
                0x0000000008002198                HAL_GetTick
 .text.HAL_SYSCFG_StrobeDBattpinsConfig
                0x00000000080021ac       0x2c ./Drivers/STM32G0xx_HAL_Driver/Src/stm32g0xx_hal.o
                0x00000000080021ac                HAL_SYSCFG_StrobeDBattpinsConfig
 .text.__NVIC_EnableIRQ
                0x00000000080021d8       0x34 ./Drivers/STM32G0xx_HAL_Driver/Src/stm32g0xx_hal_cortex.o
 .text.__NVIC_SetPriority
                0x000000000800220c       0xdc ./Drivers/STM32G0xx_HAL_Driver/Src/stm32g0xx_hal_cortex.o
 .text.SysTick_Config
                0x00000000080022e8       0x48 ./Drivers/STM32G0xx_HAL_Driver/Src/stm32g0xx_hal_cortex.o
 .text.HAL_NVIC_SetPriority
                0x0000000008002330       0x2a ./Drivers/STM32G0xx_HAL_Driver/Src/stm32g0xx_hal_cortex.o
                0x0000000008002330                HAL_NVIC_SetPriority
 .text.HAL_NVIC_EnableIRQ
                0x000000000800235a       0x20 ./Drivers/STM32G0xx_HAL_Driver/Src/stm32g0xx_hal_cortex.o
                0x000000000800235a                HAL_NVIC_EnableIRQ
 .text.HAL_SYSTICK_Config
                0x000000000800237a       0x1a ./Drivers/STM32G0xx_HAL_Driver/Src/stm32g0xx_hal_cortex.o
                0x000000000800237a                HAL_SYSTICK_Config
 .text.HAL_DMA_Init
                0x0000000008002394      0x114 ./Drivers/STM32G0xx_HAL_Driver/Src/stm32g0xx_hal_dma.o
                0x0000000008002394                HAL_DMA_Init
 .text.HAL_DMA_Start_IT
                0x00000000080024a8      0x10c ./Drivers/STM32G0xx_HAL_Driver/Src/stm32g0xx_hal_dma.o
                0x00000000080024a8                HAL_DMA_Start_IT
 .text.HAL_DMA_IRQHandler
                0x00000000080025b4      0x164 ./Drivers/STM32G0xx_HAL_Driver/Src/stm32g0xx_hal_dma.o
                0x00000000080025b4                HAL_DMA_IRQHandler
 .text.HAL_DMA_GetState
                0x0000000008002718       0x18 ./Drivers/STM32G0xx_HAL_Driver/Src/stm32g0xx_hal_dma.o
                0x0000000008002718                HAL_DMA_GetState
 .text.DMA_SetConfig
                0x0000000008002730       0x80 ./Drivers/STM32G0xx_HAL_Driver/Src/stm32g0xx_hal_dma.o
 .text.DMA_CalcDMAMUXChannelBaseAndMask
                0x00000000080027b0       0x58 ./Drivers/STM32G0xx_HAL_Driver/Src/stm32g0xx_hal_dma.o
 .text.DMA_CalcDMAMUXRequestGenBaseAndMask
                0x0000000008002808       0x48 ./Drivers/STM32G0xx_HAL_Driver/Src/stm32g0xx_hal_dma.o
 .text.HAL_GPIO_Init
                0x0000000008002850      0x2c8 ./Drivers/STM32G0xx_HAL_Driver/Src/stm32g0xx_hal_gpio.o
                0x0000000008002850                HAL_GPIO_Init
 .text.HAL_GPIO_ReadPin
                0x0000000008002b18       0x3a ./Drivers/STM32G0xx_HAL_Driver/Src/stm32g0xx_hal_gpio.o
                0x0000000008002b18                HAL_GPIO_ReadPin
 .text.HAL_GPIO_WritePin
                0x0000000008002b52       0x3a ./Drivers/STM32G0xx_HAL_Driver/Src/stm32g0xx_hal_gpio.o
                0x0000000008002b52                HAL_GPIO_WritePin
 .text.HAL_GPIO_EXTI_IRQHandler
                0x0000000008002b8c       0x54 ./Drivers/STM32G0xx_HAL_Driver/Src/stm32g0xx_hal_gpio.o
                0x0000000008002b8c                HAL_GPIO_EXTI_IRQHandler
 .text.HAL_PWREx_ControlVoltageScaling
                0x0000000008002be0       0x80 ./Drivers/STM32G0xx_HAL_Driver/Src/stm32g0xx_hal_pwr_ex.o
                0x0000000008002be0                HAL_PWREx_ControlVoltageScaling
 .text.HAL_RCC_OscConfig
                0x0000000008002c60      0x634 ./Drivers/STM32G0xx_HAL_Driver/Src/stm32g0xx_hal_rcc.o
                0x0000000008002c60                HAL_RCC_OscConfig
 .text.HAL_RCC_ClockConfig
                0x0000000008003294      0x210 ./Drivers/STM32G0xx_HAL_Driver/Src/stm32g0xx_hal_rcc.o
                0x0000000008003294                HAL_RCC_ClockConfig
 .text.HAL_RCC_GetSysClockFreq
                0x00000000080034a4      0x104 ./Drivers/STM32G0xx_HAL_Driver/Src/stm32g0xx_hal_rcc.o
                0x00000000080034a4                HAL_RCC_GetSysClockFreq
 .text.HAL_SPI_Init
                0x00000000080035a8      0x170 ./Drivers/STM32G0xx_HAL_Driver/Src/stm32g0xx_hal_spi.o
                0x00000000080035a8                HAL_SPI_Init
 .text.HAL_SPI_Transmit_DMA
                0x0000000008003718      0x204 ./Drivers/STM32G0xx_HAL_Driver/Src/stm32g0xx_hal_spi.o
                0x0000000008003718                HAL_SPI_Transmit_DMA
 .text.HAL_SPI_TxCpltCallback
                0x000000000800391c       0x10 ./Drivers/STM32G0xx_HAL_Driver/Src/stm32g0xx_hal_spi.o
                0x000000000800391c                HAL_SPI_TxCpltCallback
 .text.HAL_SPI_TxHalfCpltCallback
                0x000000000800392c       0x10 ./Drivers/STM32G0xx_HAL_Driver/Src/stm32g0xx_hal_spi.o
                0x000000000800392c                HAL_SPI_TxHalfCpltCallback
 .text.HAL_SPI_ErrorCallback
                0x000000000800393c       0x10 ./Drivers/STM32G0xx_HAL_Driver/Src/stm32g0xx_hal_spi.o
                0x000000000800393c                HAL_SPI_ErrorCallback
 .text.SPI_DMATransmitCplt
                0x000000000800394c       0xac ./Drivers/STM32G0xx_HAL_Driver/Src/stm32g0xx_hal_spi.o
 .text.SPI_DMAHalfTransmitCplt
                0x00000000080039f8       0x1e ./Drivers/STM32G0xx_HAL_Driver/Src/stm32g0xx_hal_spi.o
 .text.SPI_DMAError
                0x0000000008003a16       0x42 ./Drivers/STM32G0xx_HAL_Driver/Src/stm32g0xx_hal_spi.o
 .text.SPI_WaitFlagStateUntilTimeout
                0x0000000008003a58      0x11c ./Drivers/STM32G0xx_HAL_Driver/Src/stm32g0xx_hal_spi.o
 .text.SPI_WaitFifoStateUntilTimeout
                0x0000000008003b74      0x144 ./Drivers/STM32G0xx_HAL_Driver/Src/stm32g0xx_hal_spi.o
 .text.SPI_EndRxTxTransaction
                0x0000000008003cb8       0x8c ./Drivers/STM32G0xx_HAL_Driver/Src/stm32g0xx_hal_spi.o
 .text.HAL_TIM_Base_Init
                0x0000000008003d44       0xb0 ./Drivers/STM32G0xx_HAL_Driver/Src/stm32g0xx_hal_tim.o
                0x0000000008003d44                HAL_TIM_Base_Init
 .text.HAL_TIM_Base_Start
                0x0000000008003df4       0xa8 ./Drivers/STM32G0xx_HAL_Driver/Src/stm32g0xx_hal_tim.o
                0x0000000008003df4                HAL_TIM_Base_Start
 .text.TIM_Base_SetConfig
                0x0000000008003e9c      0x11c ./Drivers/STM32G0xx_HAL_Driver/Src/stm32g0xx_hal_tim.o
                0x0000000008003e9c                TIM_Base_SetConfig
 .text.carStripe
                0x0000000008003fb8      0x330 ./Src/carstripe.o
                0x0000000008003fb8                carStripe
 .text.HAL_GPIO_EXTI_Rising_Callback
                0x00000000080042e8       0x28 ./Src/carstripe.o
                0x00000000080042e8                HAL_GPIO_EXTI_Rising_Callback
 .text.HAL_GPIO_EXTI_Falling_Callback
                0x0000000008004310       0x28 ./Src/carstripe.o
                0x0000000008004310                HAL_GPIO_EXTI_Falling_Callback
 .text.carStripeReadButton
                0x0000000008004338       0x50 ./Src/carstripe.o
                0x0000000008004338                carStripeReadButton
 .text.MX_DMA_Init
                0x0000000008004388       0x3c ./Src/dma.o
                0x0000000008004388                MX_DMA_Init
 .text.MX_GPIO_Init
                0x00000000080043c4       0xb8 ./Src/gpio.o
                0x00000000080043c4                MX_GPIO_Init
 .text.main     0x000000000800447c       0x26 ./Src/main.o
                0x000000000800447c                main
 .text.SystemClock_Config
                0x00000000080044a2       0xbc ./Src/main.o
                0x00000000080044a2                SystemClock_Config
 .text.Error_Handler
                0x000000000800455e        0xa ./Src/main.o
                0x000000000800455e                Error_Handler
 .text.radio433_receiverInit
                0x0000000008004568       0x74 ./Src/radio433.o
                0x0000000008004568                radio433_receiverInit
 .text.radio433_receiverAttachGPIO
                0x00000000080045dc       0x24 ./Src/radio433.o
                0x00000000080045dc                radio433_receiverAttachGPIO
 .text._radio433_pullData
                0x0000000008004600       0x28 ./Src/radio433.o
                0x0000000008004600                _radio433_pullData
 .text.radio433_receiverReadDataCheck
                0x0000000008004628       0x48 ./Src/radio433.o
                0x0000000008004628                radio433_receiverReadDataCheck
 .text.radio433_receiverCallbackEXTI
                0x0000000008004670      0x11c ./Src/radio433.o
                0x0000000008004670                radio433_receiverCallbackEXTI
 .text.radio433_transmitterInit
                0x000000000800478c       0x62 ./Src/radio433.o
                0x000000000800478c                radio433_transmitterInit
 *fill*         0x00000000080047ee        0x2 
 .text.MX_SPI1_Init
                0x00000000080047f0       0x7c ./Src/spi.o
                0x00000000080047f0                MX_SPI1_Init
 .text.HAL_SPI_MspInit
                0x000000000800486c       0xf0 ./Src/spi.o
                0x000000000800486c                HAL_SPI_MspInit
 .text.HAL_MspInit
                0x000000000800495c       0x50 ./Src/stm32g0xx_hal_msp.o
                0x000000000800495c                HAL_MspInit
 .text.NMI_Handler
                0x00000000080049ac        0x6 ./Src/stm32g0xx_it.o
                0x00000000080049ac                NMI_Handler
 .text.HardFault_Handler
                0x00000000080049b2        0x6 ./Src/stm32g0xx_it.o
                0x00000000080049b2                HardFault_Handler
 .text.SVC_Handler
                0x00000000080049b8        0xa ./Src/stm32g0xx_it.o
                0x00000000080049b8                SVC_Handler
 .text.PendSV_Handler
                0x00000000080049c2        0xa ./Src/stm32g0xx_it.o
                0x00000000080049c2                PendSV_Handler
 .text.SysTick_Handler
                0x00000000080049cc       0x16 ./Src/stm32g0xx_it.o
                0x00000000080049cc                SysTick_Handler
 .text.EXTI2_3_IRQHandler
                0x00000000080049e2       0x10 ./Src/stm32g0xx_it.o
                0x00000000080049e2                EXTI2_3_IRQHandler
 *fill*         0x00000000080049f2        0x2 
 .text.DMA1_Channel1_IRQHandler
                0x00000000080049f4       0x18 ./Src/stm32g0xx_it.o
                0x00000000080049f4                DMA1_Channel1_IRQHandler
 .text._sbrk    0x0000000008004a0c       0x6c ./Src/sysmem.o
                0x0000000008004a0c                _sbrk
 .text.SystemInit
                0x0000000008004a78        0xa ./Src/system_stm32g0xx.o
                0x0000000008004a78                SystemInit
 *fill*         0x0000000008004a82        0x2 
 .text.MX_TIM16_Init
                0x0000000008004a84       0x54 ./Src/tim.o
                0x0000000008004a84                MX_TIM16_Init
 .text.MX_TIM17_Init
                0x0000000008004ad8       0x54 ./Src/tim.o
                0x0000000008004ad8                MX_TIM17_Init
 .text.HAL_TIM_Base_MspInit
                0x0000000008004b2c       0x6c ./Src/tim.o
                0x0000000008004b2c                HAL_TIM_Base_MspInit
 .text.WS2812B_init
                0x0000000008004b98       0x56 ./Src/ws2812b.o
                0x0000000008004b98                WS2812B_init
 .text.WS2812B_setLedColorRGB
                0x0000000008004bee       0x76 ./Src/ws2812b.o
                0x0000000008004bee                WS2812B_setLedColorRGB
 .text.WS2812B_setLedColorHSV
                0x0000000008004c64      0x258 ./Src/ws2812b.o
                0x0000000008004c64                WS2812B_setLedColorHSV
 .text.WS2812B_Refresh
                0x0000000008004ebc       0xf2 ./Src/ws2812b.o
                0x0000000008004ebc                WS2812B_Refresh
 .text._WS2812B_bitsToBytes
                0x0000000008004fae       0xf8 ./Src/ws2812b.o
                0x0000000008004fae                _WS2812B_bitsToBytes
 *fill*         0x00000000080050a6        0x2 
 .text.wsfx_increment
                0x00000000080050a8       0xf8 ./Src/wsfx.o
                0x00000000080050a8                wsfx_increment
 .text.wsfx_init
                0x00000000080051a0       0x76 ./Src/wsfx.o
                0x00000000080051a0                wsfx_init
 .text.wsfx_setColor
                0x0000000008005216       0x1e ./Src/wsfx.o
                0x0000000008005216                wsfx_setColor
 .text.wsfx_setValue
                0x0000000008005234       0x1e ./Src/wsfx.o
                0x0000000008005234                wsfx_setValue
 .text.wsfx_setRepeat
                0x0000000008005252       0x1e ./Src/wsfx.o
                0x0000000008005252                wsfx_setRepeat
 .text.wsfx_setPrescaler
                0x0000000008005270       0x1e ./Src/wsfx.o
                0x0000000008005270                wsfx_setPrescaler
 .text.wsfx_setSaturation
                0x000000000800528e       0x1e ./Src/wsfx.o
                0x000000000800528e                wsfx_setSaturation
 .text.wsfx_setColorSecond
                0x00000000080052ac       0x1e ./Src/wsfx.o
                0x00000000080052ac                wsfx_setColorSecond
 .text.wsfx_start
                0x00000000080052ca       0x16 ./Src/wsfx.o
                0x00000000080052ca                wsfx_start
 .text.wsfx_stop
                0x00000000080052e0       0x3a ./Src/wsfx.o
                0x00000000080052e0                wsfx_stop
 *fill*         0x000000000800531a        0x2 
 .text.wsfx_interruptCallback
                0x000000000800531c       0x14 ./Src/wsfx.o
                0x000000000800531c                wsfx_interruptCallback
 .text._groupAction
                0x0000000008005330       0x4e ./Src/wsfx.o
                0x0000000008005330                _groupAction
 .text._groupTurnOff
                0x000000000800537e       0x38 ./Src/wsfx.o
                0x000000000800537e                _groupTurnOff
 .text.wsfx_step_movingLight
                0x00000000080053b6      0x192 ./Src/wsfx.o
                0x00000000080053b6                wsfx_step_movingLight
 .text.wsfx_step_hueChange
                0x0000000008005548       0x4e ./Src/wsfx.o
                0x0000000008005548                wsfx_step_hueChange
 .text.wsfx_step_pulse
                0x0000000008005596       0xbc ./Src/wsfx.o
                0x0000000008005596                wsfx_step_pulse
 .text.wsfx_step_blinker
                0x0000000008005652       0xce ./Src/wsfx.o
                0x0000000008005652                wsfx_step_blinker
 .text.wsfx_step_starting
                0x0000000008005720      0x23c ./Src/wsfx.o
                0x0000000008005720                wsfx_step_starting
 .text.wsfx_step_warp
                0x000000000800595c       0xae ./Src/wsfx.o
                0x000000000800595c                wsfx_step_warp
 *fill*         0x0000000008005a0a        0x2 
 .text.Reset_Handler
                0x0000000008005a0c       0x50 ./Startup/startup_stm32g071kbtx.o
                0x0000000008005a0c                Reset_Handler
 .text.Default_Handler
                0x0000000008005a5c        0x2 ./Startup/startup_stm32g071kbtx.o
                0x0000000008005a5c                USART3_4_LPUART1_IRQHandler
                0x0000000008005a5c                TIM1_CC_IRQHandler
                0x0000000008005a5c                ADC1_COMP_IRQHandler
                0x0000000008005a5c                PVD_IRQHandler
                0x0000000008005a5c                I2C1_IRQHandler
                0x0000000008005a5c                TIM7_LPTIM2_IRQHandler
                0x0000000008005a5c                RTC_TAMP_IRQHandler
                0x0000000008005a5c                SPI1_IRQHandler
                0x0000000008005a5c                I2C2_IRQHandler
                0x0000000008005a5c                TIM17_IRQHandler
                0x0000000008005a5c                TIM16_IRQHandler
                0x0000000008005a5c                TIM3_IRQHandler
                0x0000000008005a5c                EXTI4_15_IRQHandler
                0x0000000008005a5c                RCC_IRQHandler
                0x0000000008005a5c                Default_Handler
                0x0000000008005a5c                CEC_IRQHandler
                0x0000000008005a5c                TIM14_IRQHandler
                0x0000000008005a5c                TIM15_IRQHandler
                0x0000000008005a5c                EXTI0_1_IRQHandler
                0x0000000008005a5c                SPI2_IRQHandler
                0x0000000008005a5c                TIM6_DAC_LPTIM1_IRQHandler
                0x0000000008005a5c                WWDG_IRQHandler
                0x0000000008005a5c                TIM2_IRQHandler
                0x0000000008005a5c                DMA1_Ch4_7_DMAMUX1_OVR_IRQHandler
                0x0000000008005a5c                DMA1_Channel2_3_IRQHandler
                0x0000000008005a5c                UCPD1_2_IRQHandler
                0x0000000008005a5c                USART2_IRQHandler
                0x0000000008005a5c                FLASH_IRQHandler
                0x0000000008005a5c                USART1_IRQHandler
                0x0000000008005a5c                TIM1_BRK_UP_TRG_COM_IRQHandler
 *fill*         0x0000000008005a5e        0x2 
 .text.malloc   0x0000000008005a60       0x14 /opt/st/stm32cubeide_1.13.2/plugins/com.st.stm32cube.ide.mcu.externaltools.gnu-tools-for-stm32.11.3.rel1.linux64_1.1.1.202309131626/tools/bin/../lib/gcc/arm-none-eabi/11.3.1/../../../../arm-none-eabi/lib/thumb/v6-m/nofp/libc_nano.a(libc_a-malloc.o)
                0x0000000008005a60                malloc
 .text.sbrk_aligned
                0x0000000008005a74       0x44 /opt/st/stm32cubeide_1.13.2/plugins/com.st.stm32cube.ide.mcu.externaltools.gnu-tools-for-stm32.11.3.rel1.linux64_1.1.1.202309131626/tools/bin/../lib/gcc/arm-none-eabi/11.3.1/../../../../arm-none-eabi/lib/thumb/v6-m/nofp/libc_nano.a(libc_a-mallocr.o)
 .text._malloc_r
                0x0000000008005ab8      0x104 /opt/st/stm32cubeide_1.13.2/plugins/com.st.stm32cube.ide.mcu.externaltools.gnu-tools-for-stm32.11.3.rel1.linux64_1.1.1.202309131626/tools/bin/../lib/gcc/arm-none-eabi/11.3.1/../../../../arm-none-eabi/lib/thumb/v6-m/nofp/libc_nano.a(libc_a-mallocr.o)
                0x0000000008005ab8                _malloc_r
 .text.__malloc_lock
                0x0000000008005bbc       0x10 /opt/st/stm32cubeide_1.13.2/plugins/com.st.stm32cube.ide.mcu.externaltools.gnu-tools-for-stm32.11.3.rel1.linux64_1.1.1.202309131626/tools/bin/../lib/gcc/arm-none-eabi/11.3.1/../../../../arm-none-eabi/lib/thumb/v6-m/nofp/libc_nano.a(libc_a-mlock.o)
                0x0000000008005bbc                __malloc_lock
 .text.__malloc_unlock
                0x0000000008005bcc       0x10 /opt/st/stm32cubeide_1.13.2/plugins/com.st.stm32cube.ide.mcu.externaltools.gnu-tools-for-stm32.11.3.rel1.linux64_1.1.1.202309131626/tools/bin/../lib/gcc/arm-none-eabi/11.3.1/../../../../arm-none-eabi/lib/thumb/v6-m/nofp/libc_nano.a(libc_a-mlock.o)
                0x0000000008005bcc                __malloc_unlock
 .text.memset   0x0000000008005bdc       0x10 /opt/st/stm32cubeide_1.13.2/plugins/com.st.stm32cube.ide.mcu.externaltools.gnu-tools-for-stm32.11.3.rel1.linux64_1.1.1.202309131626/tools/bin/../lib/gcc/arm-none-eabi/11.3.1/../../../../arm-none-eabi/lib/thumb/v6-m/nofp/libc_nano.a(libc_a-memset.o)
                0x0000000008005bdc                memset
 .text._sbrk_r  0x0000000008005bec       0x24 /opt/st/stm32cubeide_1.13.2/plugins/com.st.stm32cube.ide.mcu.externaltools.gnu-tools-for-stm32.11.3.rel1.linux64_1.1.1.202309131626/tools/bin/../lib/gcc/arm-none-eabi/11.3.1/../../../../arm-none-eabi/lib/thumb/v6-m/nofp/libc_nano.a(libc_a-sbrkr.o)
                0x0000000008005bec                _sbrk_r
 .text.__errno  0x0000000008005c10        0xc /opt/st/stm32cubeide_1.13.2/plugins/com.st.stm32cube.ide.mcu.externaltools.gnu-tools-for-stm32.11.3.rel1.linux64_1.1.1.202309131626/tools/bin/../lib/gcc/arm-none-eabi/11.3.1/../../../../arm-none-eabi/lib/thumb/v6-m/nofp/libc_nano.a(libc_a-errno.o)
                0x0000000008005c10                __errno
 .text.__libc_init_array
                0x0000000008005c1c       0x48 /opt/st/stm32cubeide_1.13.2/plugins/com.st.stm32cube.ide.mcu.externaltools.gnu-tools-for-stm32.11.3.rel1.linux64_1.1.1.202309131626/tools/bin/../lib/gcc/arm-none-eabi/11.3.1/../../../../arm-none-eabi/lib/thumb/v6-m/nofp/libc_nano.a(libc_a-init.o)
                0x0000000008005c1c                __libc_init_array
 .text.__retarget_lock_acquire_recursive
                0x0000000008005c64        0x2 /opt/st/stm32cubeide_1.13.2/plugins/com.st.stm32cube.ide.mcu.externaltools.gnu-tools-for-stm32.11.3.rel1.linux64_1.1.1.202309131626/tools/bin/../lib/gcc/arm-none-eabi/11.3.1/../../../../arm-none-eabi/lib/thumb/v6-m/nofp/libc_nano.a(libc_a-lock.o)
                0x0000000008005c64                __retarget_lock_acquire_recursive
 .text.__retarget_lock_release_recursive
                0x0000000008005c66        0x2 /opt/st/stm32cubeide_1.13.2/plugins/com.st.stm32cube.ide.mcu.externaltools.gnu-tools-for-stm32.11.3.rel1.linux64_1.1.1.202309131626/tools/bin/../lib/gcc/arm-none-eabi/11.3.1/../../../../arm-none-eabi/lib/thumb/v6-m/nofp/libc_nano.a(libc_a-lock.o)
                0x0000000008005c66                __retarget_lock_release_recursive
 .text.memcpy   0x0000000008005c68       0x12 /opt/st/stm32cubeide_1.13.2/plugins/com.st.stm32cube.ide.mcu.externaltools.gnu-tools-for-stm32.11.3.rel1.linux64_1.1.1.202309131626/tools/bin/../lib/gcc/arm-none-eabi/11.3.1/../../../../arm-none-eabi/lib/thumb/v6-m/nofp/libc_nano.a(libc_a-memcpy-stub.o)
                0x0000000008005c68                memcpy
 .text.fmodf    0x0000000008005c7a       0x3a /opt/st/stm32cubeide_1.13.2/plugins/com.st.stm32cube.ide.mcu.externaltools.gnu-tools-for-stm32.11.3.rel1.linux64_1.1.1.202309131626/tools/bin/../lib/gcc/arm-none-eabi/11.3.1/../../../../arm-none-eabi/lib/thumb/v6-m/nofp/libm.a(libm_a-wf_fmod.o)
                0x0000000008005c7a                fmodf
 .text.__ieee754_fmodf
                0x0000000008005cb4      0x104 /opt/st/stm32cubeide_1.13.2/plugins/com.st.stm32cube.ide.mcu.externaltools.gnu-tools-for-stm32.11.3.rel1.linux64_1.1.1.202309131626/tools/bin/../lib/gcc/arm-none-eabi/11.3.1/../../../../arm-none-eabi/lib/thumb/v6-m/nofp/libm.a(libm_a-ef_fmod.o)
                0x0000000008005cb4                __ieee754_fmodf
 *(.glue_7)
 .glue_7        0x0000000008005db8        0x0 linker stubs
 *(.glue_7t)
 .glue_7t       0x0000000008005db8        0x0 linker stubs
 *(.eh_frame)
 .eh_frame      0x0000000008005db8        0x0 /opt/st/stm32cubeide_1.13.2/plugins/com.st.stm32cube.ide.mcu.externaltools.gnu-tools-for-stm32.11.3.rel1.linux64_1.1.1.202309131626/tools/bin/../lib/gcc/arm-none-eabi/11.3.1/thumb/v6-m/nofp/crtbegin.o
 *(.init)
 .init          0x0000000008005db8        0x4 /opt/st/stm32cubeide_1.13.2/plugins/com.st.stm32cube.ide.mcu.externaltools.gnu-tools-for-stm32.11.3.rel1.linux64_1.1.1.202309131626/tools/bin/../lib/gcc/arm-none-eabi/11.3.1/thumb/v6-m/nofp/crti.o
                0x0000000008005db8                _init
 .init          0x0000000008005dbc        0x8 /opt/st/stm32cubeide_1.13.2/plugins/com.st.stm32cube.ide.mcu.externaltools.gnu-tools-for-stm32.11.3.rel1.linux64_1.1.1.202309131626/tools/bin/../lib/gcc/arm-none-eabi/11.3.1/thumb/v6-m/nofp/crtn.o
 *(.fini)
 .fini          0x0000000008005dc4        0x4 /opt/st/stm32cubeide_1.13.2/plugins/com.st.stm32cube.ide.mcu.externaltools.gnu-tools-for-stm32.11.3.rel1.linux64_1.1.1.202309131626/tools/bin/../lib/gcc/arm-none-eabi/11.3.1/thumb/v6-m/nofp/crti.o
                0x0000000008005dc4                _fini
 .fini          0x0000000008005dc8        0x8 /opt/st/stm32cubeide_1.13.2/plugins/com.st.stm32cube.ide.mcu.externaltools.gnu-tools-for-stm32.11.3.rel1.linux64_1.1.1.202309131626/tools/bin/../lib/gcc/arm-none-eabi/11.3.1/thumb/v6-m/nofp/crtn.o
                0x0000000008005dd0                . = ALIGN (0x4)
                0x0000000008005dd0                _etext = .

.vfp11_veneer   0x0000000008005dd0        0x0
 .vfp11_veneer  0x0000000008005dd0        0x0 linker stubs

.v4_bx          0x0000000008005dd0        0x0
 .v4_bx         0x0000000008005dd0        0x0 linker stubs

.iplt           0x0000000008005dd0        0x0
 .iplt          0x0000000008005dd0        0x0 /opt/st/stm32cubeide_1.13.2/plugins/com.st.stm32cube.ide.mcu.externaltools.gnu-tools-for-stm32.11.3.rel1.linux64_1.1.1.202309131626/tools/bin/../lib/gcc/arm-none-eabi/11.3.1/thumb/v6-m/nofp/crtbegin.o

.rodata         0x0000000008005dd0       0xe0
                0x0000000008005dd0                . = ALIGN (0x4)
 *(.rodata)
 .rodata        0x0000000008005dd0       0x80 /opt/st/stm32cubeide_1.13.2/plugins/com.st.stm32cube.ide.mcu.externaltools.gnu-tools-for-stm32.11.3.rel1.linux64_1.1.1.202309131626/tools/bin/../lib/gcc/arm-none-eabi/11.3.1/thumb/v6-m/nofp/libgcc.a(divsf3.o)
 *(.rodata*)
 .rodata.carStripe
                0x0000000008005e50       0x18 ./Src/carstripe.o
 .rodata.AHBPrescTable
                0x0000000008005e68       0x40 ./Src/system_stm32g0xx.o
                0x0000000008005e68                AHBPrescTable
 .rodata.Zero   0x0000000008005ea8        0x8 /opt/st/stm32cubeide_1.13.2/plugins/com.st.stm32cube.ide.mcu.externaltools.gnu-tools-for-stm32.11.3.rel1.linux64_1.1.1.202309131626/tools/bin/../lib/gcc/arm-none-eabi/11.3.1/../../../../arm-none-eabi/lib/thumb/v6-m/nofp/libm.a(libm_a-ef_fmod.o)
                0x0000000008005eb0                . = ALIGN (0x4)

.rel.dyn        0x0000000008005eb0        0x0
 .rel.iplt      0x0000000008005eb0        0x0 /opt/st/stm32cubeide_1.13.2/plugins/com.st.stm32cube.ide.mcu.externaltools.gnu-tools-for-stm32.11.3.rel1.linux64_1.1.1.202309131626/tools/bin/../lib/gcc/arm-none-eabi/11.3.1/thumb/v6-m/nofp/crtbegin.o

.ARM.extab      0x0000000008005eb0        0x0
                0x0000000008005eb0                . = ALIGN (0x4)
 *(.ARM.extab* .gnu.linkonce.armextab.*)
                0x0000000008005eb0                . = ALIGN (0x4)

.ARM            0x0000000008005eb0        0x0
                0x0000000008005eb0                . = ALIGN (0x4)
                0x0000000008005eb0                __exidx_start = .
 *(.ARM.exidx*)
                0x0000000008005eb0                __exidx_end = .
                0x0000000008005eb0                . = ALIGN (0x4)

.preinit_array  0x0000000008005eb0        0x0
                0x0000000008005eb0                . = ALIGN (0x4)
                0x0000000008005eb0                PROVIDE (__preinit_array_start = .)
 *(.preinit_array*)
                0x0000000008005eb0                PROVIDE (__preinit_array_end = .)
                0x0000000008005eb0                . = ALIGN (0x4)

.init_array     0x0000000008005eb0        0x4
                0x0000000008005eb0                . = ALIGN (0x4)
                0x0000000008005eb0                PROVIDE (__init_array_start = .)
 *(SORT_BY_NAME(.init_array.*))
 *(.init_array*)
 .init_array    0x0000000008005eb0        0x4 /opt/st/stm32cubeide_1.13.2/plugins/com.st.stm32cube.ide.mcu.externaltools.gnu-tools-for-stm32.11.3.rel1.linux64_1.1.1.202309131626/tools/bin/../lib/gcc/arm-none-eabi/11.3.1/thumb/v6-m/nofp/crtbegin.o
                0x0000000008005eb4                PROVIDE (__init_array_end = .)
                0x0000000008005eb4                . = ALIGN (0x4)

.fini_array     0x0000000008005eb4        0x4
                0x0000000008005eb4                . = ALIGN (0x4)
                [!provide]                        PROVIDE (__fini_array_start = .)
 *(SORT_BY_NAME(.fini_array.*))
 *(.fini_array*)
 .fini_array    0x0000000008005eb4        0x4 /opt/st/stm32cubeide_1.13.2/plugins/com.st.stm32cube.ide.mcu.externaltools.gnu-tools-for-stm32.11.3.rel1.linux64_1.1.1.202309131626/tools/bin/../lib/gcc/arm-none-eabi/11.3.1/thumb/v6-m/nofp/crtbegin.o
                [!provide]                        PROVIDE (__fini_array_end = .)
                0x0000000008005eb8                . = ALIGN (0x4)
                0x0000000008005eb8                _sidata = LOADADDR (.data)

.data           0x0000000020000000       0x60 load address 0x0000000008005eb8
                0x0000000020000000                . = ALIGN (0x4)
                0x0000000020000000                _sdata = .
 *(.data)
 *(.data*)
 .data.uwTickPrio
                0x0000000020000000        0x4 ./Drivers/STM32G0xx_HAL_Driver/Src/stm32g0xx_hal.o
                0x0000000020000000                uwTickPrio
 .data.uwTickFreq
                0x0000000020000004        0x1 ./Drivers/STM32G0xx_HAL_Driver/Src/stm32g0xx_hal.o
                0x0000000020000004                uwTickFreq
 *fill*         0x0000000020000005        0x3 
 .data.carStripeButtonReadPrescaler
                0x0000000020000008        0x4 ./Src/carstripe.o
                0x0000000020000008                carStripeButtonReadPrescaler
 .data.SystemCoreClock
                0x000000002000000c        0x4 ./Src/system_stm32g0xx.o
                0x000000002000000c                SystemCoreClock
 .data._impure_data
                0x0000000020000010       0x4c /opt/st/stm32cubeide_1.13.2/plugins/com.st.stm32cube.ide.mcu.externaltools.gnu-tools-for-stm32.11.3.rel1.linux64_1.1.1.202309131626/tools/bin/../lib/gcc/arm-none-eabi/11.3.1/../../../../arm-none-eabi/lib/thumb/v6-m/nofp/libc_nano.a(libc_a-impure.o)
                0x0000000020000010                _impure_data
 .data._impure_ptr
                0x000000002000005c        0x4 /opt/st/stm32cubeide_1.13.2/plugins/com.st.stm32cube.ide.mcu.externaltools.gnu-tools-for-stm32.11.3.rel1.linux64_1.1.1.202309131626/tools/bin/../lib/gcc/arm-none-eabi/11.3.1/../../../../arm-none-eabi/lib/thumb/v6-m/nofp/libc_nano.a(libc_a-impure.o)
                0x000000002000005c                _impure_ptr
 *(.RamFunc)
 *(.RamFunc*)
                0x0000000020000060                . = ALIGN (0x4)
                0x0000000020000060                _edata = .

.igot.plt       0x0000000020000060        0x0 load address 0x0000000008005f18
 .igot.plt      0x0000000020000060        0x0 /opt/st/stm32cubeide_1.13.2/plugins/com.st.stm32cube.ide.mcu.externaltools.gnu-tools-for-stm32.11.3.rel1.linux64_1.1.1.202309131626/tools/bin/../lib/gcc/arm-none-eabi/11.3.1/thumb/v6-m/nofp/crtbegin.o
                0x0000000020000060                . = ALIGN (0x4)

.bss            0x0000000020000060      0x3fc load address 0x0000000008005f18
                0x0000000020000060                _sbss = .
                0x0000000020000060                __bss_start__ = _sbss
 *(.bss)
 .bss           0x0000000020000060       0x1c /opt/st/stm32cubeide_1.13.2/plugins/com.st.stm32cube.ide.mcu.externaltools.gnu-tools-for-stm32.11.3.rel1.linux64_1.1.1.202309131626/tools/bin/../lib/gcc/arm-none-eabi/11.3.1/thumb/v6-m/nofp/crtbegin.o
 *(.bss*)
 .bss.uwTick    0x000000002000007c        0x4 ./Drivers/STM32G0xx_HAL_Driver/Src/stm32g0xx_hal.o
                0x000000002000007c                uwTick
 .bss.stripe1   0x0000000020000080        0xc ./Src/carstripe.o
                0x0000000020000080                stripe1
 .bss.fxKnight  0x000000002000008c       0x20 ./Src/carstripe.o
                0x000000002000008c                fxKnight
 .bss.fxHue     0x00000000200000ac       0x20 ./Src/carstripe.o
                0x00000000200000ac                fxHue
 .bss.fxPulse   0x00000000200000cc       0x20 ./Src/carstripe.o
                0x00000000200000cc                fxPulse
 .bss.fxBlinker
                0x00000000200000ec       0x20 ./Src/carstripe.o
                0x00000000200000ec                fxBlinker
 .bss.fxStarting
                0x000000002000010c       0x20 ./Src/carstripe.o
                0x000000002000010c                fxStarting
 .bss.fxWarp    0x000000002000012c       0x20 ./Src/carstripe.o
                0x000000002000012c                fxWarp
 .bss.radio     0x000000002000014c       0x2c ./Src/carstripe.o
                0x000000002000014c                radio
 .bss.remote    0x0000000020000178       0x24 ./Src/carstripe.o
                0x0000000020000178                remote
 .bss.carStripeButtonReadMasterCounter
                0x000000002000019c        0x4 ./Src/carstripe.o
                0x000000002000019c                carStripeButtonReadMasterCounter
 .bss.carStripeButtonData
                0x00000000200001a0        0x4 ./Src/carstripe.o
                0x00000000200001a0                carStripeButtonData
 .bss.carStripeEffectNumber
                0x00000000200001a4        0x1 ./Src/carstripe.o
                0x00000000200001a4                carStripeEffectNumber
 *fill*         0x00000000200001a5        0x1 
 .bss.carStripeColor
                0x00000000200001a6        0x2 ./Src/carstripe.o
                0x00000000200001a6                carStripeColor
 .bss.carStripeStartFlag
                0x00000000200001a8        0x1 ./Src/carstripe.o
                0x00000000200001a8                carStripeStartFlag
 .bss.carStripeStopFlag
                0x00000000200001a9        0x1 ./Src/carstripe.o
                0x00000000200001a9                carStripeStopFlag
 *fill*         0x00000000200001aa        0x2 
 .bss.carStripeCurrentFx
                0x00000000200001ac        0x4 ./Src/carstripe.o
                0x00000000200001ac                carStripeCurrentFx
 .bss.hspi1     0x00000000200001b0       0x64 ./Src/spi.o
                0x00000000200001b0                hspi1
 .bss.hdma_spi1_tx
                0x0000000020000214       0x5c ./Src/spi.o
                0x0000000020000214                hdma_spi1_tx
 .bss.__sbrk_heap_end
                0x0000000020000270        0x4 ./Src/sysmem.o
 .bss.htim16    0x0000000020000274       0x4c ./Src/tim.o
                0x0000000020000274                htim16
 .bss.htim17    0x00000000200002c0       0x4c ./Src/tim.o
                0x00000000200002c0                htim17
 .bss.wsfx_flagRun
                0x000000002000030c        0x1 ./Src/wsfx.o
                0x000000002000030c                wsfx_flagRun
 *fill*         0x000000002000030d        0x3 
 .bss.wsfx_mainCounter
                0x0000000020000310        0x4 ./Src/wsfx.o
                0x0000000020000310                wsfx_mainCounter
 .bss.__malloc_free_list
                0x0000000020000314        0x4 /opt/st/stm32cubeide_1.13.2/plugins/com.st.stm32cube.ide.mcu.externaltools.gnu-tools-for-stm32.11.3.rel1.linux64_1.1.1.202309131626/tools/bin/../lib/gcc/arm-none-eabi/11.3.1/../../../../arm-none-eabi/lib/thumb/v6-m/nofp/libc_nano.a(libc_a-mallocr.o)
                0x0000000020000314                __malloc_free_list
 .bss.__malloc_sbrk_start
                0x0000000020000318        0x4 /opt/st/stm32cubeide_1.13.2/plugins/com.st.stm32cube.ide.mcu.externaltools.gnu-tools-for-stm32.11.3.rel1.linux64_1.1.1.202309131626/tools/bin/../lib/gcc/arm-none-eabi/11.3.1/../../../../arm-none-eabi/lib/thumb/v6-m/nofp/libc_nano.a(libc_a-mallocr.o)
                0x0000000020000318                __malloc_sbrk_start
 .bss.__sf      0x000000002000031c      0x138 /opt/st/stm32cubeide_1.13.2/plugins/com.st.stm32cube.ide.mcu.externaltools.gnu-tools-for-stm32.11.3.rel1.linux64_1.1.1.202309131626/tools/bin/../lib/gcc/arm-none-eabi/11.3.1/../../../../arm-none-eabi/lib/thumb/v6-m/nofp/libc_nano.a(libc_a-findfp.o)
                0x000000002000031c                __sf
 .bss.errno     0x0000000020000454        0x4 /opt/st/stm32cubeide_1.13.2/plugins/com.st.stm32cube.ide.mcu.externaltools.gnu-tools-for-stm32.11.3.rel1.linux64_1.1.1.202309131626/tools/bin/../lib/gcc/arm-none-eabi/11.3.1/../../../../arm-none-eabi/lib/thumb/v6-m/nofp/libc_nano.a(libc_a-reent.o)
                0x0000000020000454                errno
 .bss.__lock___malloc_recursive_mutex
                0x0000000020000458        0x1 /opt/st/stm32cubeide_1.13.2/plugins/com.st.stm32cube.ide.mcu.externaltools.gnu-tools-for-stm32.11.3.rel1.linux64_1.1.1.202309131626/tools/bin/../lib/gcc/arm-none-eabi/11.3.1/../../../../arm-none-eabi/lib/thumb/v6-m/nofp/libc_nano.a(libc_a-lock.o)
                0x0000000020000458                __lock___malloc_recursive_mutex
 *(COMMON)
                0x000000002000045c                . = ALIGN (0x4)
 *fill*         0x0000000020000459        0x3 
                0x000000002000045c                _ebss = .
                0x000000002000045c                __bss_end__ = _ebss

._user_heap_stack
                0x000000002000045c      0x604 load address 0x0000000008005f18
                0x0000000020000460                . = ALIGN (0x8)
 *fill*         0x000000002000045c        0x4 
                [!provide]                        PROVIDE (end = .)
                0x0000000020000460                PROVIDE (_end = .)
                0x0000000020000660                . = (. + _Min_Heap_Size)
 *fill*         0x0000000020000460      0x200 
                0x0000000020000a60                . = (. + _Min_Stack_Size)
 *fill*         0x0000000020000660      0x400 
                0x0000000020000a60                . = ALIGN (0x8)

/DISCARD/
 libc.a(*)
 libm.a(*)
 libgcc.a(*)

.ARM.attributes
                0x0000000000000000       0x28
 *(.ARM.attributes)
 .ARM.attributes
                0x0000000000000000       0x1e /opt/st/stm32cubeide_1.13.2/plugins/com.st.stm32cube.ide.mcu.externaltools.gnu-tools-for-stm32.11.3.rel1.linux64_1.1.1.202309131626/tools/bin/../lib/gcc/arm-none-eabi/11.3.1/thumb/v6-m/nofp/crti.o
 .ARM.attributes
                0x000000000000001e       0x2c /opt/st/stm32cubeide_1.13.2/plugins/com.st.stm32cube.ide.mcu.externaltools.gnu-tools-for-stm32.11.3.rel1.linux64_1.1.1.202309131626/tools/bin/../lib/gcc/arm-none-eabi/11.3.1/thumb/v6-m/nofp/crtbegin.o
 .ARM.attributes
                0x000000000000004a       0x2c ./Drivers/STM32G0xx_HAL_Driver/Src/stm32g0xx_hal.o
 .ARM.attributes
                0x0000000000000076       0x2c ./Drivers/STM32G0xx_HAL_Driver/Src/stm32g0xx_hal_cortex.o
 .ARM.attributes
                0x00000000000000a2       0x2c ./Drivers/STM32G0xx_HAL_Driver/Src/stm32g0xx_hal_dma.o
 .ARM.attributes
                0x00000000000000ce       0x2c ./Drivers/STM32G0xx_HAL_Driver/Src/stm32g0xx_hal_gpio.o
 .ARM.attributes
                0x00000000000000fa       0x2c ./Drivers/STM32G0xx_HAL_Driver/Src/stm32g0xx_hal_pwr_ex.o
 .ARM.attributes
                0x0000000000000126       0x2c ./Drivers/STM32G0xx_HAL_Driver/Src/stm32g0xx_hal_rcc.o
 .ARM.attributes
                0x0000000000000152       0x2c ./Drivers/STM32G0xx_HAL_Driver/Src/stm32g0xx_hal_spi.o
 .ARM.attributes
                0x000000000000017e       0x2c ./Drivers/STM32G0xx_HAL_Driver/Src/stm32g0xx_hal_tim.o
 .ARM.attributes
                0x00000000000001aa       0x2c ./Src/carstripe.o
 .ARM.attributes
                0x00000000000001d6       0x2c ./Src/dma.o
 .ARM.attributes
                0x0000000000000202       0x2c ./Src/gpio.o
 .ARM.attributes
                0x000000000000022e       0x2c ./Src/main.o
 .ARM.attributes
                0x000000000000025a       0x2c ./Src/radio433.o
 .ARM.attributes
                0x0000000000000286       0x2c ./Src/spi.o
 .ARM.attributes
                0x00000000000002b2       0x2c ./Src/stm32g0xx_hal_msp.o
 .ARM.attributes
                0x00000000000002de       0x2c ./Src/stm32g0xx_it.o
 .ARM.attributes
                0x000000000000030a       0x2c ./Src/sysmem.o
 .ARM.attributes
                0x0000000000000336       0x2c ./Src/system_stm32g0xx.o
 .ARM.attributes
                0x0000000000000362       0x2c ./Src/tim.o
 .ARM.attributes
                0x000000000000038e       0x2c ./Src/ws2812b.o
 .ARM.attributes
                0x00000000000003ba       0x2c ./Src/wsfx.o
 .ARM.attributes
                0x00000000000003e6       0x22 ./Startup/startup_stm32g071kbtx.o
 .ARM.attributes
                0x0000000000000408       0x2c /opt/st/stm32cubeide_1.13.2/plugins/com.st.stm32cube.ide.mcu.externaltools.gnu-tools-for-stm32.11.3.rel1.linux64_1.1.1.202309131626/tools/bin/../lib/gcc/arm-none-eabi/11.3.1/../../../../arm-none-eabi/lib/thumb/v6-m/nofp/libc_nano.a(libc_a-malloc.o)
 .ARM.attributes
                0x0000000000000434       0x2c /opt/st/stm32cubeide_1.13.2/plugins/com.st.stm32cube.ide.mcu.externaltools.gnu-tools-for-stm32.11.3.rel1.linux64_1.1.1.202309131626/tools/bin/../lib/gcc/arm-none-eabi/11.3.1/../../../../arm-none-eabi/lib/thumb/v6-m/nofp/libc_nano.a(libc_a-mallocr.o)
 .ARM.attributes
                0x0000000000000460       0x2c /opt/st/stm32cubeide_1.13.2/plugins/com.st.stm32cube.ide.mcu.externaltools.gnu-tools-for-stm32.11.3.rel1.linux64_1.1.1.202309131626/tools/bin/../lib/gcc/arm-none-eabi/11.3.1/../../../../arm-none-eabi/lib/thumb/v6-m/nofp/libc_nano.a(libc_a-mlock.o)
 .ARM.attributes
                0x000000000000048c       0x2c /opt/st/stm32cubeide_1.13.2/plugins/com.st.stm32cube.ide.mcu.externaltools.gnu-tools-for-stm32.11.3.rel1.linux64_1.1.1.202309131626/tools/bin/../lib/gcc/arm-none-eabi/11.3.1/../../../../arm-none-eabi/lib/thumb/v6-m/nofp/libc_nano.a(libc_a-findfp.o)
 .ARM.attributes
                0x00000000000004b8       0x2c /opt/st/stm32cubeide_1.13.2/plugins/com.st.stm32cube.ide.mcu.externaltools.gnu-tools-for-stm32.11.3.rel1.linux64_1.1.1.202309131626/tools/bin/../lib/gcc/arm-none-eabi/11.3.1/../../../../arm-none-eabi/lib/thumb/v6-m/nofp/libc_nano.a(libc_a-memset.o)
 .ARM.attributes
                0x00000000000004e4       0x2c /opt/st/stm32cubeide_1.13.2/plugins/com.st.stm32cube.ide.mcu.externaltools.gnu-tools-for-stm32.11.3.rel1.linux64_1.1.1.202309131626/tools/bin/../lib/gcc/arm-none-eabi/11.3.1/../../../../arm-none-eabi/lib/thumb/v6-m/nofp/libc_nano.a(libc_a-reent.o)
 .ARM.attributes
                0x0000000000000510       0x2c /opt/st/stm32cubeide_1.13.2/plugins/com.st.stm32cube.ide.mcu.externaltools.gnu-tools-for-stm32.11.3.rel1.linux64_1.1.1.202309131626/tools/bin/../lib/gcc/arm-none-eabi/11.3.1/../../../../arm-none-eabi/lib/thumb/v6-m/nofp/libc_nano.a(libc_a-impure.o)
 .ARM.attributes
                0x000000000000053c       0x2c /opt/st/stm32cubeide_1.13.2/plugins/com.st.stm32cube.ide.mcu.externaltools.gnu-tools-for-stm32.11.3.rel1.linux64_1.1.1.202309131626/tools/bin/../lib/gcc/arm-none-eabi/11.3.1/../../../../arm-none-eabi/lib/thumb/v6-m/nofp/libc_nano.a(libc_a-sbrkr.o)
 .ARM.attributes
                0x0000000000000568       0x2c /opt/st/stm32cubeide_1.13.2/plugins/com.st.stm32cube.ide.mcu.externaltools.gnu-tools-for-stm32.11.3.rel1.linux64_1.1.1.202309131626/tools/bin/../lib/gcc/arm-none-eabi/11.3.1/../../../../arm-none-eabi/lib/thumb/v6-m/nofp/libc_nano.a(libc_a-errno.o)
 .ARM.attributes
                0x0000000000000594       0x2c /opt/st/stm32cubeide_1.13.2/plugins/com.st.stm32cube.ide.mcu.externaltools.gnu-tools-for-stm32.11.3.rel1.linux64_1.1.1.202309131626/tools/bin/../lib/gcc/arm-none-eabi/11.3.1/../../../../arm-none-eabi/lib/thumb/v6-m/nofp/libc_nano.a(libc_a-init.o)
 .ARM.attributes
                0x00000000000005c0       0x2c /opt/st/stm32cubeide_1.13.2/plugins/com.st.stm32cube.ide.mcu.externaltools.gnu-tools-for-stm32.11.3.rel1.linux64_1.1.1.202309131626/tools/bin/../lib/gcc/arm-none-eabi/11.3.1/../../../../arm-none-eabi/lib/thumb/v6-m/nofp/libc_nano.a(libc_a-lock.o)
 .ARM.attributes
                0x00000000000005ec       0x2c /opt/st/stm32cubeide_1.13.2/plugins/com.st.stm32cube.ide.mcu.externaltools.gnu-tools-for-stm32.11.3.rel1.linux64_1.1.1.202309131626/tools/bin/../lib/gcc/arm-none-eabi/11.3.1/../../../../arm-none-eabi/lib/thumb/v6-m/nofp/libc_nano.a(libc_a-memcpy-stub.o)
 .ARM.attributes
                0x0000000000000618       0x2c /opt/st/stm32cubeide_1.13.2/plugins/com.st.stm32cube.ide.mcu.externaltools.gnu-tools-for-stm32.11.3.rel1.linux64_1.1.1.202309131626/tools/bin/../lib/gcc/arm-none-eabi/11.3.1/../../../../arm-none-eabi/lib/thumb/v6-m/nofp/libm.a(libm_a-wf_fmod.o)
 .ARM.attributes
                0x0000000000000644       0x2c /opt/st/stm32cubeide_1.13.2/plugins/com.st.stm32cube.ide.mcu.externaltools.gnu-tools-for-stm32.11.3.rel1.linux64_1.1.1.202309131626/tools/bin/../lib/gcc/arm-none-eabi/11.3.1/../../../../arm-none-eabi/lib/thumb/v6-m/nofp/libm.a(libm_a-ef_fmod.o)
 .ARM.attributes
                0x0000000000000670       0x1e /opt/st/stm32cubeide_1.13.2/plugins/com.st.stm32cube.ide.mcu.externaltools.gnu-tools-for-stm32.11.3.rel1.linux64_1.1.1.202309131626/tools/bin/../lib/gcc/arm-none-eabi/11.3.1/thumb/v6-m/nofp/libgcc.a(_udivsi3.o)
 .ARM.attributes
                0x000000000000068e       0x1e /opt/st/stm32cubeide_1.13.2/plugins/com.st.stm32cube.ide.mcu.externaltools.gnu-tools-for-stm32.11.3.rel1.linux64_1.1.1.202309131626/tools/bin/../lib/gcc/arm-none-eabi/11.3.1/thumb/v6-m/nofp/libgcc.a(_divsi3.o)
 .ARM.attributes
                0x00000000000006ac       0x1e /opt/st/stm32cubeide_1.13.2/plugins/com.st.stm32cube.ide.mcu.externaltools.gnu-tools-for-stm32.11.3.rel1.linux64_1.1.1.202309131626/tools/bin/../lib/gcc/arm-none-eabi/11.3.1/thumb/v6-m/nofp/libgcc.a(_dvmd_tls.o)
 .ARM.attributes
                0x00000000000006ca       0x1e /opt/st/stm32cubeide_1.13.2/plugins/com.st.stm32cube.ide.mcu.externaltools.gnu-tools-for-stm32.11.3.rel1.linux64_1.1.1.202309131626/tools/bin/../lib/gcc/arm-none-eabi/11.3.1/thumb/v6-m/nofp/libgcc.a(_arm_cmpsf2.o)
 .ARM.attributes
                0x00000000000006e8       0x2c /opt/st/stm32cubeide_1.13.2/plugins/com.st.stm32cube.ide.mcu.externaltools.gnu-tools-for-stm32.11.3.rel1.linux64_1.1.1.202309131626/tools/bin/../lib/gcc/arm-none-eabi/11.3.1/thumb/v6-m/nofp/libgcc.a(_fixunssfsi.o)
 .ARM.attributes
                0x0000000000000714       0x2c /opt/st/stm32cubeide_1.13.2/plugins/com.st.stm32cube.ide.mcu.externaltools.gnu-tools-for-stm32.11.3.rel1.linux64_1.1.1.202309131626/tools/bin/../lib/gcc/arm-none-eabi/11.3.1/thumb/v6-m/nofp/libgcc.a(addsf3.o)
 .ARM.attributes
                0x0000000000000740       0x2c /opt/st/stm32cubeide_1.13.2/plugins/com.st.stm32cube.ide.mcu.externaltools.gnu-tools-for-stm32.11.3.rel1.linux64_1.1.1.202309131626/tools/bin/../lib/gcc/arm-none-eabi/11.3.1/thumb/v6-m/nofp/libgcc.a(divsf3.o)
 .ARM.attributes
                0x000000000000076c       0x2c /opt/st/stm32cubeide_1.13.2/plugins/com.st.stm32cube.ide.mcu.externaltools.gnu-tools-for-stm32.11.3.rel1.linux64_1.1.1.202309131626/tools/bin/../lib/gcc/arm-none-eabi/11.3.1/thumb/v6-m/nofp/libgcc.a(eqsf2.o)
 .ARM.attributes
                0x0000000000000798       0x2c /opt/st/stm32cubeide_1.13.2/plugins/com.st.stm32cube.ide.mcu.externaltools.gnu-tools-for-stm32.11.3.rel1.linux64_1.1.1.202309131626/tools/bin/../lib/gcc/arm-none-eabi/11.3.1/thumb/v6-m/nofp/libgcc.a(gesf2.o)
 .ARM.attributes
                0x00000000000007c4       0x2c /opt/st/stm32cubeide_1.13.2/plugins/com.st.stm32cube.ide.mcu.externaltools.gnu-tools-for-stm32.11.3.rel1.linux64_1.1.1.202309131626/tools/bin/../lib/gcc/arm-none-eabi/11.3.1/thumb/v6-m/nofp/libgcc.a(lesf2.o)
 .ARM.attributes
                0x00000000000007f0       0x2c /opt/st/stm32cubeide_1.13.2/plugins/com.st.stm32cube.ide.mcu.externaltools.gnu-tools-for-stm32.11.3.rel1.linux64_1.1.1.202309131626/tools/bin/../lib/gcc/arm-none-eabi/11.3.1/thumb/v6-m/nofp/libgcc.a(mulsf3.o)
 .ARM.attributes
                0x000000000000081c       0x2c /opt/st/stm32cubeide_1.13.2/plugins/com.st.stm32cube.ide.mcu.externaltools.gnu-tools-for-stm32.11.3.rel1.linux64_1.1.1.202309131626/tools/bin/../lib/gcc/arm-none-eabi/11.3.1/thumb/v6-m/nofp/libgcc.a(subsf3.o)
 .ARM.attributes
                0x0000000000000848       0x2c /opt/st/stm32cubeide_1.13.2/plugins/com.st.stm32cube.ide.mcu.externaltools.gnu-tools-for-stm32.11.3.rel1.linux64_1.1.1.202309131626/tools/bin/../lib/gcc/arm-none-eabi/11.3.1/thumb/v6-m/nofp/libgcc.a(unordsf2.o)
 .ARM.attributes
                0x0000000000000874       0x2c /opt/st/stm32cubeide_1.13.2/plugins/com.st.stm32cube.ide.mcu.externaltools.gnu-tools-for-stm32.11.3.rel1.linux64_1.1.1.202309131626/tools/bin/../lib/gcc/arm-none-eabi/11.3.1/thumb/v6-m/nofp/libgcc.a(fixsfsi.o)
 .ARM.attributes
                0x00000000000008a0       0x2c /opt/st/stm32cubeide_1.13.2/plugins/com.st.stm32cube.ide.mcu.externaltools.gnu-tools-for-stm32.11.3.rel1.linux64_1.1.1.202309131626/tools/bin/../lib/gcc/arm-none-eabi/11.3.1/thumb/v6-m/nofp/libgcc.a(floatunsisf.o)
 .ARM.attributes
                0x00000000000008cc       0x2c /opt/st/stm32cubeide_1.13.2/plugins/com.st.stm32cube.ide.mcu.externaltools.gnu-tools-for-stm32.11.3.rel1.linux64_1.1.1.202309131626/tools/bin/../lib/gcc/arm-none-eabi/11.3.1/thumb/v6-m/nofp/libgcc.a(muldf3.o)
 .ARM.attributes
                0x00000000000008f8       0x2c /opt/st/stm32cubeide_1.13.2/plugins/com.st.stm32cube.ide.mcu.externaltools.gnu-tools-for-stm32.11.3.rel1.linux64_1.1.1.202309131626/tools/bin/../lib/gcc/arm-none-eabi/11.3.1/thumb/v6-m/nofp/libgcc.a(subdf3.o)
 .ARM.attributes
                0x0000000000000924       0x2c /opt/st/stm32cubeide_1.13.2/plugins/com.st.stm32cube.ide.mcu.externaltools.gnu-tools-for-stm32.11.3.rel1.linux64_1.1.1.202309131626/tools/bin/../lib/gcc/arm-none-eabi/11.3.1/thumb/v6-m/nofp/libgcc.a(extendsfdf2.o)
 .ARM.attributes
                0x0000000000000950       0x2c /opt/st/stm32cubeide_1.13.2/plugins/com.st.stm32cube.ide.mcu.externaltools.gnu-tools-for-stm32.11.3.rel1.linux64_1.1.1.202309131626/tools/bin/../lib/gcc/arm-none-eabi/11.3.1/thumb/v6-m/nofp/libgcc.a(truncdfsf2.o)
 .ARM.attributes
                0x000000000000097c       0x1e /opt/st/stm32cubeide_1.13.2/plugins/com.st.stm32cube.ide.mcu.externaltools.gnu-tools-for-stm32.11.3.rel1.linux64_1.1.1.202309131626/tools/bin/../lib/gcc/arm-none-eabi/11.3.1/thumb/v6-m/nofp/libgcc.a(_clzsi2.o)
 .ARM.attributes
                0x000000000000099a       0x1e /opt/st/stm32cubeide_1.13.2/plugins/com.st.stm32cube.ide.mcu.externaltools.gnu-tools-for-stm32.11.3.rel1.linux64_1.1.1.202309131626/tools/bin/../lib/gcc/arm-none-eabi/11.3.1/thumb/v6-m/nofp/crtn.o
OUTPUT(carStripe.elf elf32-littlearm)
LOAD linker stubs
LOAD /opt/st/stm32cubeide_1.13.2/plugins/com.st.stm32cube.ide.mcu.externaltools.gnu-tools-for-stm32.11.3.rel1.linux64_1.1.1.202309131626/tools/bin/../lib/gcc/arm-none-eabi/11.3.1/../../../../arm-none-eabi/lib/thumb/v6-m/nofp/libc.a
LOAD /opt/st/stm32cubeide_1.13.2/plugins/com.st.stm32cube.ide.mcu.externaltools.gnu-tools-for-stm32.11.3.rel1.linux64_1.1.1.202309131626/tools/bin/../lib/gcc/arm-none-eabi/11.3.1/../../../../arm-none-eabi/lib/thumb/v6-m/nofp/libm.a
LOAD /opt/st/stm32cubeide_1.13.2/plugins/com.st.stm32cube.ide.mcu.externaltools.gnu-tools-for-stm32.11.3.rel1.linux64_1.1.1.202309131626/tools/bin/../lib/gcc/arm-none-eabi/11.3.1/thumb/v6-m/nofp/libgcc.a

.comment        0x0000000000000000       0x43
 .comment       0x0000000000000000       0x43 /opt/st/stm32cubeide_1.13.2/plugins/com.st.stm32cube.ide.mcu.externaltools.gnu-tools-for-stm32.11.3.rel1.linux64_1.1.1.202309131626/tools/bin/../lib/gcc/arm-none-eabi/11.3.1/thumb/v6-m/nofp/crtbegin.o
                                         0x44 (size before relaxing)
 .comment       0x0000000000000043       0x44 ./Drivers/STM32G0xx_HAL_Driver/Src/stm32g0xx_hal.o
 .comment       0x0000000000000043       0x44 ./Drivers/STM32G0xx_HAL_Driver/Src/stm32g0xx_hal_cortex.o
 .comment       0x0000000000000043       0x44 ./Drivers/STM32G0xx_HAL_Driver/Src/stm32g0xx_hal_dma.o
 .comment       0x0000000000000043       0x44 ./Drivers/STM32G0xx_HAL_Driver/Src/stm32g0xx_hal_gpio.o
 .comment       0x0000000000000043       0x44 ./Drivers/STM32G0xx_HAL_Driver/Src/stm32g0xx_hal_pwr_ex.o
 .comment       0x0000000000000043       0x44 ./Drivers/STM32G0xx_HAL_Driver/Src/stm32g0xx_hal_rcc.o
 .comment       0x0000000000000043       0x44 ./Drivers/STM32G0xx_HAL_Driver/Src/stm32g0xx_hal_spi.o
 .comment       0x0000000000000043       0x44 ./Drivers/STM32G0xx_HAL_Driver/Src/stm32g0xx_hal_tim.o
 .comment       0x0000000000000043       0x44 ./Src/carstripe.o
 .comment       0x0000000000000043       0x44 ./Src/dma.o
 .comment       0x0000000000000043       0x44 ./Src/gpio.o
 .comment       0x0000000000000043       0x44 ./Src/main.o
 .comment       0x0000000000000043       0x44 ./Src/radio433.o
 .comment       0x0000000000000043       0x44 ./Src/spi.o
 .comment       0x0000000000000043       0x44 ./Src/stm32g0xx_hal_msp.o
 .comment       0x0000000000000043       0x44 ./Src/stm32g0xx_it.o
 .comment       0x0000000000000043       0x44 ./Src/sysmem.o
 .comment       0x0000000000000043       0x44 ./Src/system_stm32g0xx.o
 .comment       0x0000000000000043       0x44 ./Src/tim.o
 .comment       0x0000000000000043       0x44 ./Src/ws2812b.o
 .comment       0x0000000000000043       0x44 ./Src/wsfx.o

.debug_info     0x0000000000000000     0xdb60
 .debug_info    0x0000000000000000      0xa34 ./Drivers/STM32G0xx_HAL_Driver/Src/stm32g0xx_hal.o
 .debug_info    0x0000000000000a34      0x8d9 ./Drivers/STM32G0xx_HAL_Driver/Src/stm32g0xx_hal_cortex.o
 .debug_info    0x000000000000130d      0x860 ./Drivers/STM32G0xx_HAL_Driver/Src/stm32g0xx_hal_dma.o
 .debug_info    0x0000000000001b6d      0x5b9 ./Drivers/STM32G0xx_HAL_Driver/Src/stm32g0xx_hal_gpio.o
 .debug_info    0x0000000000002126      0x7c1 ./Drivers/STM32G0xx_HAL_Driver/Src/stm32g0xx_hal_pwr_ex.o
 .debug_info    0x00000000000028e7      0xb1b ./Drivers/STM32G0xx_HAL_Driver/Src/stm32g0xx_hal_rcc.o
 .debug_info    0x0000000000003402     0x1726 ./Drivers/STM32G0xx_HAL_Driver/Src/stm32g0xx_hal_spi.o
 .debug_info    0x0000000000004b28     0x2bc9 ./Drivers/STM32G0xx_HAL_Driver/Src/stm32g0xx_hal_tim.o
 .debug_info    0x00000000000076f1     0x11ea ./Src/carstripe.o
 .debug_info    0x00000000000088db      0x365 ./Src/dma.o
 .debug_info    0x0000000000008c40      0x4f3 ./Src/gpio.o
 .debug_info    0x0000000000009133      0x340 ./Src/main.o
 .debug_info    0x0000000000009473      0xd26 ./Src/radio433.o
 .debug_info    0x000000000000a199      0xa56 ./Src/spi.o
 .debug_info    0x000000000000abef      0x278 ./Src/stm32g0xx_hal_msp.o
 .debug_info    0x000000000000ae67      0x4a4 ./Src/stm32g0xx_it.o
 .debug_info    0x000000000000b30b      0x168 ./Src/sysmem.o
 .debug_info    0x000000000000b473      0x316 ./Src/system_stm32g0xx.o
 .debug_info    0x000000000000b789      0x9f9 ./Src/tim.o
 .debug_info    0x000000000000c182      0xae7 ./Src/ws2812b.o
 .debug_info    0x000000000000cc69      0xed4 ./Src/wsfx.o
 .debug_info    0x000000000000db3d       0x23 ./Startup/startup_stm32g071kbtx.o

.debug_abbrev   0x0000000000000000     0x289f
 .debug_abbrev  0x0000000000000000      0x2b2 ./Drivers/STM32G0xx_HAL_Driver/Src/stm32g0xx_hal.o
 .debug_abbrev  0x00000000000002b2      0x2ab ./Drivers/STM32G0xx_HAL_Driver/Src/stm32g0xx_hal_cortex.o
 .debug_abbrev  0x000000000000055d      0x22b ./Drivers/STM32G0xx_HAL_Driver/Src/stm32g0xx_hal_dma.o
 .debug_abbrev  0x0000000000000788      0x1c8 ./Drivers/STM32G0xx_HAL_Driver/Src/stm32g0xx_hal_gpio.o
 .debug_abbrev  0x0000000000000950      0x238 ./Drivers/STM32G0xx_HAL_Driver/Src/stm32g0xx_hal_pwr_ex.o
 .debug_abbrev  0x0000000000000b88      0x2aa ./Drivers/STM32G0xx_HAL_Driver/Src/stm32g0xx_hal_rcc.o
 .debug_abbrev  0x0000000000000e32      0x290 ./Drivers/STM32G0xx_HAL_Driver/Src/stm32g0xx_hal_spi.o
 .debug_abbrev  0x00000000000010c2      0x298 ./Drivers/STM32G0xx_HAL_Driver/Src/stm32g0xx_hal_tim.o
 .debug_abbrev  0x000000000000135a      0x1ed ./Src/carstripe.o
 .debug_abbrev  0x0000000000001547      0x115 ./Src/dma.o
 .debug_abbrev  0x000000000000165c      0x17a ./Src/gpio.o
 .debug_abbrev  0x00000000000017d6      0x18d ./Src/main.o
 .debug_abbrev  0x0000000000001963      0x252 ./Src/radio433.o
 .debug_abbrev  0x0000000000001bb5      0x208 ./Src/spi.o
 .debug_abbrev  0x0000000000001dbd       0xf9 ./Src/stm32g0xx_hal_msp.o
 .debug_abbrev  0x0000000000001eb6      0x1bb ./Src/stm32g0xx_it.o
 .debug_abbrev  0x0000000000002071       0xbc ./Src/sysmem.o
 .debug_abbrev  0x000000000000212d      0x119 ./Src/system_stm32g0xx.o
 .debug_abbrev  0x0000000000002246      0x1f6 ./Src/tim.o
 .debug_abbrev  0x000000000000243c      0x1e5 ./Src/ws2812b.o
 .debug_abbrev  0x0000000000002621      0x26c ./Src/wsfx.o
 .debug_abbrev  0x000000000000288d       0x12 ./Startup/startup_stm32g071kbtx.o

.debug_aranges  0x0000000000000000      0xda0
 .debug_aranges
                0x0000000000000000      0x120 ./Drivers/STM32G0xx_HAL_Driver/Src/stm32g0xx_hal.o
 .debug_aranges
                0x0000000000000120       0xe8 ./Drivers/STM32G0xx_HAL_Driver/Src/stm32g0xx_hal_cortex.o
 .debug_aranges
                0x0000000000000208       0x90 ./Drivers/STM32G0xx_HAL_Driver/Src/stm32g0xx_hal_dma.o
 .debug_aranges
                0x0000000000000298       0x60 ./Drivers/STM32G0xx_HAL_Driver/Src/stm32g0xx_hal_gpio.o
 .debug_aranges
                0x00000000000002f8       0xf0 ./Drivers/STM32G0xx_HAL_Driver/Src/stm32g0xx_hal_pwr_ex.o
 .debug_aranges
                0x00000000000003e8       0xa0 ./Drivers/STM32G0xx_HAL_Driver/Src/stm32g0xx_hal_rcc.o
 .debug_aranges
                0x0000000000000488      0x1d8 ./Drivers/STM32G0xx_HAL_Driver/Src/stm32g0xx_hal_spi.o
 .debug_aranges
                0x0000000000000660      0x3e0 ./Drivers/STM32G0xx_HAL_Driver/Src/stm32g0xx_hal_tim.o
 .debug_aranges
                0x0000000000000a40       0x38 ./Src/carstripe.o
 .debug_aranges
                0x0000000000000a78       0x20 ./Src/dma.o
 .debug_aranges
                0x0000000000000a98       0x20 ./Src/gpio.o
 .debug_aranges
                0x0000000000000ab8       0x30 ./Src/main.o
 .debug_aranges
                0x0000000000000ae8       0x60 ./Src/radio433.o
 .debug_aranges
                0x0000000000000b48       0x30 ./Src/spi.o
 .debug_aranges
                0x0000000000000b78       0x20 ./Src/stm32g0xx_hal_msp.o
 .debug_aranges
                0x0000000000000b98       0x50 ./Src/stm32g0xx_it.o
 .debug_aranges
                0x0000000000000be8       0x20 ./Src/sysmem.o
 .debug_aranges
                0x0000000000000c08       0x28 ./Src/system_stm32g0xx.o
 .debug_aranges
                0x0000000000000c30       0x38 ./Src/tim.o
 .debug_aranges
                0x0000000000000c68       0x40 ./Src/ws2812b.o
 .debug_aranges
                0x0000000000000ca8       0xd0 ./Src/wsfx.o
 .debug_aranges
                0x0000000000000d78       0x28 ./Startup/startup_stm32g071kbtx.o

.debug_rnglists
                0x0000000000000000      0xa5b
 .debug_rnglists
                0x0000000000000000       0xd4 ./Drivers/STM32G0xx_HAL_Driver/Src/stm32g0xx_hal.o
 .debug_rnglists
                0x00000000000000d4       0xaa ./Drivers/STM32G0xx_HAL_Driver/Src/stm32g0xx_hal_cortex.o
 .debug_rnglists
                0x000000000000017e       0x72 ./Drivers/STM32G0xx_HAL_Driver/Src/stm32g0xx_hal_dma.o
 .debug_rnglists
                0x00000000000001f0       0x45 ./Drivers/STM32G0xx_HAL_Driver/Src/stm32g0xx_hal_gpio.o
 .debug_rnglists
                0x0000000000000235       0xb5 ./Drivers/STM32G0xx_HAL_Driver/Src/stm32g0xx_hal_pwr_ex.o
 .debug_rnglists
                0x00000000000002ea       0x79 ./Drivers/STM32G0xx_HAL_Driver/Src/stm32g0xx_hal_rcc.o
 .debug_rnglists
                0x0000000000000363      0x17a ./Drivers/STM32G0xx_HAL_Driver/Src/stm32g0xx_hal_spi.o
 .debug_rnglists
                0x00000000000004dd      0x32a ./Drivers/STM32G0xx_HAL_Driver/Src/stm32g0xx_hal_tim.o
 .debug_rnglists
                0x0000000000000807       0x26 ./Src/carstripe.o
 .debug_rnglists
                0x000000000000082d       0x13 ./Src/dma.o
 .debug_rnglists
                0x0000000000000840       0x14 ./Src/gpio.o
 .debug_rnglists
                0x0000000000000854       0x20 ./Src/main.o
 .debug_rnglists
                0x0000000000000874       0x45 ./Src/radio433.o
 .debug_rnglists
                0x00000000000008b9       0x20 ./Src/spi.o
 .debug_rnglists
                0x00000000000008d9       0x13 ./Src/stm32g0xx_hal_msp.o
 .debug_rnglists
                0x00000000000008ec       0x37 ./Src/stm32g0xx_it.o
 .debug_rnglists
                0x0000000000000923       0x13 ./Src/sysmem.o
 .debug_rnglists
                0x0000000000000936       0x1a ./Src/system_stm32g0xx.o
 .debug_rnglists
                0x0000000000000950       0x25 ./Src/tim.o
 .debug_rnglists
                0x0000000000000975       0x2e ./Src/ws2812b.o
 .debug_rnglists
                0x00000000000009a3       0x9f ./Src/wsfx.o
 .debug_rnglists
                0x0000000000000a42       0x19 ./Startup/startup_stm32g071kbtx.o

.debug_macro    0x0000000000000000    0x19d82
 .debug_macro   0x0000000000000000      0x204 ./Drivers/STM32G0xx_HAL_Driver/Src/stm32g0xx_hal.o
 .debug_macro   0x0000000000000204      0xa7e ./Drivers/STM32G0xx_HAL_Driver/Src/stm32g0xx_hal.o
 .debug_macro   0x0000000000000c82      0x11d ./Drivers/STM32G0xx_HAL_Driver/Src/stm32g0xx_hal.o
 .debug_macro   0x0000000000000d9f       0x2e ./Drivers/STM32G0xx_HAL_Driver/Src/stm32g0xx_hal.o
 .debug_macro   0x0000000000000dcd       0x28 ./Drivers/STM32G0xx_HAL_Driver/Src/stm32g0xx_hal.o
 .debug_macro   0x0000000000000df5       0x22 ./Drivers/STM32G0xx_HAL_Driver/Src/stm32g0xx_hal.o
 .debug_macro   0x0000000000000e17       0x8e ./Drivers/STM32G0xx_HAL_Driver/Src/stm32g0xx_hal.o
 .debug_macro   0x0000000000000ea5       0x51 ./Drivers/STM32G0xx_HAL_Driver/Src/stm32g0xx_hal.o
 .debug_macro   0x0000000000000ef6      0x103 ./Drivers/STM32G0xx_HAL_Driver/Src/stm32g0xx_hal.o
 .debug_macro   0x0000000000000ff9       0x6a ./Drivers/STM32G0xx_HAL_Driver/Src/stm32g0xx_hal.o
 .debug_macro   0x0000000000001063      0x1df ./Drivers/STM32G0xx_HAL_Driver/Src/stm32g0xx_hal.o
 .debug_macro   0x0000000000001242       0x1c ./Drivers/STM32G0xx_HAL_Driver/Src/stm32g0xx_hal.o
 .debug_macro   0x000000000000125e       0x22 ./Drivers/STM32G0xx_HAL_Driver/Src/stm32g0xx_hal.o
 .debug_macro   0x0000000000001280       0xd1 ./Drivers/STM32G0xx_HAL_Driver/Src/stm32g0xx_hal.o
 .debug_macro   0x0000000000001351      0x4da ./Drivers/STM32G0xx_HAL_Driver/Src/stm32g0xx_hal.o
 .debug_macro   0x000000000000182b      0x11f ./Drivers/STM32G0xx_HAL_Driver/Src/stm32g0xx_hal.o
 .debug_macro   0x000000000000194a     0xc753 ./Drivers/STM32G0xx_HAL_Driver/Src/stm32g0xx_hal.o
 .debug_macro   0x000000000000e09d       0x66 ./Drivers/STM32G0xx_HAL_Driver/Src/stm32g0xx_hal.o
 .debug_macro   0x000000000000e103     0x350e ./Drivers/STM32G0xx_HAL_Driver/Src/stm32g0xx_hal.o
 .debug_macro   0x0000000000011611      0x174 ./Drivers/STM32G0xx_HAL_Driver/Src/stm32g0xx_hal.o
 .debug_macro   0x0000000000011785       0x5c ./Drivers/STM32G0xx_HAL_Driver/Src/stm32g0xx_hal.o
 .debug_macro   0x00000000000117e1      0x56c ./Drivers/STM32G0xx_HAL_Driver/Src/stm32g0xx_hal.o
 .debug_macro   0x0000000000011d4d     0x1122 ./Drivers/STM32G0xx_HAL_Driver/Src/stm32g0xx_hal.o
 .debug_macro   0x0000000000012e6f      0x264 ./Drivers/STM32G0xx_HAL_Driver/Src/stm32g0xx_hal.o
 .debug_macro   0x00000000000130d3      0x1cf ./Drivers/STM32G0xx_HAL_Driver/Src/stm32g0xx_hal.o
 .debug_macro   0x00000000000132a2      0x1d8 ./Drivers/STM32G0xx_HAL_Driver/Src/stm32g0xx_hal.o
 .debug_macro   0x000000000001347a      0x426 ./Drivers/STM32G0xx_HAL_Driver/Src/stm32g0xx_hal.o
 .debug_macro   0x00000000000138a0      0x280 ./Drivers/STM32G0xx_HAL_Driver/Src/stm32g0xx_hal.o
 .debug_macro   0x0000000000013b20      0x3a7 ./Drivers/STM32G0xx_HAL_Driver/Src/stm32g0xx_hal.o
 .debug_macro   0x0000000000013ec7      0x1b2 ./Drivers/STM32G0xx_HAL_Driver/Src/stm32g0xx_hal.o
 .debug_macro   0x0000000000014079       0x43 ./Drivers/STM32G0xx_HAL_Driver/Src/stm32g0xx_hal.o
 .debug_macro   0x00000000000140bc      0x1f1 ./Drivers/STM32G0xx_HAL_Driver/Src/stm32g0xx_hal.o
 .debug_macro   0x00000000000142ad      0x1d6 ./Drivers/STM32G0xx_HAL_Driver/Src/stm32g0xx_hal.o
 .debug_macro   0x0000000000014483      0x38a ./Drivers/STM32G0xx_HAL_Driver/Src/stm32g0xx_hal.o
 .debug_macro   0x000000000001480d       0x28 ./Drivers/STM32G0xx_HAL_Driver/Src/stm32g0xx_hal.o
 .debug_macro   0x0000000000014835       0xe4 ./Drivers/STM32G0xx_HAL_Driver/Src/stm32g0xx_hal.o
 .debug_macro   0x0000000000014919      0x125 ./Drivers/STM32G0xx_HAL_Driver/Src/stm32g0xx_hal.o
 .debug_macro   0x0000000000014a3e      0x240 ./Drivers/STM32G0xx_HAL_Driver/Src/stm32g0xx_hal.o
 .debug_macro   0x0000000000014c7e      0x2fe ./Drivers/STM32G0xx_HAL_Driver/Src/stm32g0xx_hal.o
 .debug_macro   0x0000000000014f7c      0xad0 ./Drivers/STM32G0xx_HAL_Driver/Src/stm32g0xx_hal.o
 .debug_macro   0x0000000000015a4c      0x1a1 ./Drivers/STM32G0xx_HAL_Driver/Src/stm32g0xx_hal.o
 .debug_macro   0x0000000000015bed      0x4f2 ./Drivers/STM32G0xx_HAL_Driver/Src/stm32g0xx_hal.o
 .debug_macro   0x00000000000160df      0x1e0 ./Drivers/STM32G0xx_HAL_Driver/Src/stm32g0xx_hal_cortex.o
 .debug_macro   0x00000000000162bf      0x1e0 ./Drivers/STM32G0xx_HAL_Driver/Src/stm32g0xx_hal_dma.o
 .debug_macro   0x000000000001649f      0x1e7 ./Drivers/STM32G0xx_HAL_Driver/Src/stm32g0xx_hal_gpio.o
 .debug_macro   0x0000000000016686      0x20a ./Drivers/STM32G0xx_HAL_Driver/Src/stm32g0xx_hal_pwr_ex.o
 .debug_macro   0x0000000000016890      0x222 ./Drivers/STM32G0xx_HAL_Driver/Src/stm32g0xx_hal_rcc.o
 .debug_macro   0x0000000000016ab2      0x1e8 ./Drivers/STM32G0xx_HAL_Driver/Src/stm32g0xx_hal_spi.o
 .debug_macro   0x0000000000016c9a      0x1e8 ./Drivers/STM32G0xx_HAL_Driver/Src/stm32g0xx_hal_tim.o
 .debug_macro   0x0000000000016e82      0x357 ./Src/carstripe.o
 .debug_macro   0x00000000000171d9       0x5b ./Src/carstripe.o
 .debug_macro   0x0000000000017234       0x24 ./Src/carstripe.o
 .debug_macro   0x0000000000017258       0x94 ./Src/carstripe.o
 .debug_macro   0x00000000000172ec       0x43 ./Src/carstripe.o
 .debug_macro   0x000000000001732f       0x34 ./Src/carstripe.o
 .debug_macro   0x0000000000017363       0x16 ./Src/carstripe.o
 .debug_macro   0x0000000000017379       0x43 ./Src/carstripe.o
 .debug_macro   0x00000000000173bc       0x57 ./Src/carstripe.o
 .debug_macro   0x0000000000017413       0x34 ./Src/carstripe.o
 .debug_macro   0x0000000000017447       0x10 ./Src/carstripe.o
 .debug_macro   0x0000000000017457       0x58 ./Src/carstripe.o
 .debug_macro   0x00000000000174af       0x8e ./Src/carstripe.o
 .debug_macro   0x000000000001753d       0x1c ./Src/carstripe.o
 .debug_macro   0x0000000000017559      0x177 ./Src/carstripe.o
 .debug_macro   0x00000000000176d0      0x369 ./Src/carstripe.o
 .debug_macro   0x0000000000017a39       0x10 ./Src/carstripe.o
 .debug_macro   0x0000000000017a49       0x35 ./Src/carstripe.o
 .debug_macro   0x0000000000017a7e       0x20 ./Src/carstripe.o
 .debug_macro   0x0000000000017a9e       0x56 ./Src/carstripe.o
 .debug_macro   0x0000000000017af4       0x22 ./Src/carstripe.o
 .debug_macro   0x0000000000017b16       0x16 ./Src/carstripe.o
 .debug_macro   0x0000000000017b2c       0x16 ./Src/carstripe.o
 .debug_macro   0x0000000000017b42       0x29 ./Src/carstripe.o
 .debug_macro   0x0000000000017b6b      0x19b ./Src/carstripe.o
 .debug_macro   0x0000000000017d06       0x58 ./Src/carstripe.o
 .debug_macro   0x0000000000017d5e       0xa6 ./Src/carstripe.o
 .debug_macro   0x0000000000017e04       0x10 ./Src/carstripe.o
 .debug_macro   0x0000000000017e14      0x1f9 ./Src/dma.o
 .debug_macro   0x000000000001800d      0x1f9 ./Src/gpio.o
 .debug_macro   0x0000000000018206      0x37d ./Src/main.o
 .debug_macro   0x0000000000018583       0x61 ./Src/main.o
 .debug_macro   0x00000000000185e4      0x30a ./Src/radio433.o
 .debug_macro   0x00000000000188ee      0x1f9 ./Src/spi.o
 .debug_macro   0x0000000000018ae7      0x1ef ./Src/stm32g0xx_hal_msp.o
 .debug_macro   0x0000000000018cd6      0x339 ./Src/stm32g0xx_it.o
 .debug_macro   0x000000000001900f       0x16 ./Src/stm32g0xx_it.o
 .debug_macro   0x0000000000019025       0xff ./Src/sysmem.o
 .debug_macro   0x0000000000019124      0x23c ./Src/sysmem.o
 .debug_macro   0x0000000000019360      0x1e0 ./Src/system_stm32g0xx.o
 .debug_macro   0x0000000000019540      0x1f9 ./Src/tim.o
 .debug_macro   0x0000000000019739      0x31e ./Src/ws2812b.o
 .debug_macro   0x0000000000019a57      0x32b ./Src/wsfx.o

.debug_line     0x0000000000000000    0x10fe7
 .debug_line    0x0000000000000000      0xa70 ./Drivers/STM32G0xx_HAL_Driver/Src/stm32g0xx_hal.o
 .debug_line    0x0000000000000a70      0xb1f ./Drivers/STM32G0xx_HAL_Driver/Src/stm32g0xx_hal_cortex.o
 .debug_line    0x000000000000158f      0xd11 ./Drivers/STM32G0xx_HAL_Driver/Src/stm32g0xx_hal_dma.o
 .debug_line    0x00000000000022a0      0xadd ./Drivers/STM32G0xx_HAL_Driver/Src/stm32g0xx_hal_gpio.o
 .debug_line    0x0000000000002d7d      0xa4d ./Drivers/STM32G0xx_HAL_Driver/Src/stm32g0xx_hal_pwr_ex.o
 .debug_line    0x00000000000037ca      0xeb1 ./Drivers/STM32G0xx_HAL_Driver/Src/stm32g0xx_hal_rcc.o
 .debug_line    0x000000000000467b     0x1e8d ./Drivers/STM32G0xx_HAL_Driver/Src/stm32g0xx_hal_spi.o
 .debug_line    0x0000000000006508     0x3c4b ./Drivers/STM32G0xx_HAL_Driver/Src/stm32g0xx_hal_tim.o
 .debug_line    0x000000000000a153      0x99c ./Src/carstripe.o
 .debug_line    0x000000000000aaef      0x6be ./Src/dma.o
 .debug_line    0x000000000000b1ad      0x6dc ./Src/gpio.o
 .debug_line    0x000000000000b889      0x920 ./Src/main.o
 .debug_line    0x000000000000c1a9      0xace ./Src/radio433.o
 .debug_line    0x000000000000cc77      0x761 ./Src/spi.o
 .debug_line    0x000000000000d3d8      0x6c4 ./Src/stm32g0xx_hal_msp.o
 .debug_line    0x000000000000da9c      0x906 ./Src/stm32g0xx_it.o
 .debug_line    0x000000000000e3a2      0x4a9 ./Src/sysmem.o
 .debug_line    0x000000000000e84b      0x735 ./Src/system_stm32g0xx.o
 .debug_line    0x000000000000ef80      0x761 ./Src/tim.o
 .debug_line    0x000000000000f6e1      0xa3d ./Src/ws2812b.o
 .debug_line    0x000000000001011e      0xe4e ./Src/wsfx.o
 .debug_line    0x0000000000010f6c       0x7b ./Startup/startup_stm32g071kbtx.o

.debug_str      0x0000000000000000    0x9e035
 .debug_str     0x0000000000000000    0x9641a ./Drivers/STM32G0xx_HAL_Driver/Src/stm32g0xx_hal.o
                                      0x96a08 (size before relaxing)
 .debug_str     0x000000000009641a      0x2c6 ./Drivers/STM32G0xx_HAL_Driver/Src/stm32g0xx_hal_cortex.o
                                      0x966d2 (size before relaxing)
 .debug_str     0x00000000000966e0      0x544 ./Drivers/STM32G0xx_HAL_Driver/Src/stm32g0xx_hal_dma.o
                                      0x966a5 (size before relaxing)
 .debug_str     0x0000000000096c24      0x20e ./Drivers/STM32G0xx_HAL_Driver/Src/stm32g0xx_hal_gpio.o
                                      0x96354 (size before relaxing)
 .debug_str     0x0000000000096e32      0x3ad ./Drivers/STM32G0xx_HAL_Driver/Src/stm32g0xx_hal_pwr_ex.o
                                      0x96698 (size before relaxing)
 .debug_str     0x00000000000971df      0x618 ./Drivers/STM32G0xx_HAL_Driver/Src/stm32g0xx_hal_rcc.o
                                      0x96961 (size before relaxing)
 .debug_str     0x00000000000977f7      0x775 ./Drivers/STM32G0xx_HAL_Driver/Src/stm32g0xx_hal_spi.o
                                      0x96bf1 (size before relaxing)
 .debug_str     0x0000000000097f6c     0x1196 ./Drivers/STM32G0xx_HAL_Driver/Src/stm32g0xx_hal_tim.o
                                      0x9774d (size before relaxing)
 .debug_str     0x0000000000099102     0x44a8 ./Src/carstripe.o
                                      0x9adde (size before relaxing)
 .debug_str     0x000000000009d5aa       0x24 ./Src/dma.o
                                      0x96456 (size before relaxing)
 .debug_str     0x000000000009d5ce       0x37 ./Src/gpio.o
                                      0x96524 (size before relaxing)
 .debug_str     0x000000000009d605       0x6b ./Src/main.o
                                      0x9a2a1 (size before relaxing)
 .debug_str     0x000000000009d670       0xa7 ./Src/radio433.o
                                      0x99f84 (size before relaxing)
 .debug_str     0x000000000009d717       0x24 ./Src/spi.o
                                      0x9682e (size before relaxing)
 .debug_str     0x000000000009d73b       0x1b ./Src/stm32g0xx_hal_msp.o
                                      0x96258 (size before relaxing)
 .debug_str     0x000000000009d756       0xb4 ./Src/stm32g0xx_it.o
                                      0x9a0bb (size before relaxing)
 .debug_str     0x000000000009d80a      0x4d7 ./Src/sysmem.o
                                       0x5f58 (size before relaxing)
 .debug_str     0x000000000009dce1       0x3b ./Src/system_stm32g0xx.o
                                      0x96206 (size before relaxing)
 .debug_str     0x000000000009dd1c       0x23 ./Src/tim.o
                                      0x968c4 (size before relaxing)
 .debug_str     0x000000000009dd3f      0x18c ./Src/ws2812b.o
                                      0x9a2bc (size before relaxing)
 .debug_str     0x000000000009decb      0x13b ./Src/wsfx.o
                                      0x9a5c8 (size before relaxing)
 .debug_str     0x000000000009e006       0x2f ./Startup/startup_stm32g071kbtx.o
                                         0x6e (size before relaxing)

.debug_frame    0x0000000000000000     0x3594
 .debug_frame   0x0000000000000000      0x3dc ./Drivers/STM32G0xx_HAL_Driver/Src/stm32g0xx_hal.o
 .debug_frame   0x00000000000003dc      0x33c ./Drivers/STM32G0xx_HAL_Driver/Src/stm32g0xx_hal_cortex.o
 .debug_frame   0x0000000000000718      0x1f0 ./Drivers/STM32G0xx_HAL_Driver/Src/stm32g0xx_hal_dma.o
 .debug_frame   0x0000000000000908      0x130 ./Drivers/STM32G0xx_HAL_Driver/Src/stm32g0xx_hal_gpio.o
 .debug_frame   0x0000000000000a38      0x32c ./Drivers/STM32G0xx_HAL_Driver/Src/stm32g0xx_hal_pwr_ex.o
 .debug_frame   0x0000000000000d64      0x214 ./Drivers/STM32G0xx_HAL_Driver/Src/stm32g0xx_hal_rcc.o
 .debug_frame   0x0000000000000f78      0x710 ./Drivers/STM32G0xx_HAL_Driver/Src/stm32g0xx_hal_spi.o
 .debug_frame   0x0000000000001688      0xf40 ./Drivers/STM32G0xx_HAL_Driver/Src/stm32g0xx_hal_tim.o
 .debug_frame   0x00000000000025c8       0x8c ./Src/carstripe.o
 .debug_frame   0x0000000000002654       0x30 ./Src/dma.o
 .debug_frame   0x0000000000002684       0x30 ./Src/gpio.o
 .debug_frame   0x00000000000026b4       0x68 ./Src/main.o
 .debug_frame   0x000000000000271c      0x130 ./Src/radio433.o
 .debug_frame   0x000000000000284c       0x6c ./Src/spi.o
 .debug_frame   0x00000000000028b8       0x30 ./Src/stm32g0xx_hal_msp.o
 .debug_frame   0x00000000000028e8       0xd4 ./Src/stm32g0xx_it.o
 .debug_frame   0x00000000000029bc       0x30 ./Src/sysmem.o
 .debug_frame   0x00000000000029ec       0x4c ./Src/system_stm32g0xx.o
 .debug_frame   0x0000000000002a38       0x88 ./Src/tim.o
 .debug_frame   0x0000000000002ac0       0xc0 ./Src/ws2812b.o
 .debug_frame   0x0000000000002b80      0x30c ./Src/wsfx.o
 .debug_frame   0x0000000000002e8c       0x40 /opt/st/stm32cubeide_1.13.2/plugins/com.st.stm32cube.ide.mcu.externaltools.gnu-tools-for-stm32.11.3.rel1.linux64_1.1.1.202309131626/tools/bin/../lib/gcc/arm-none-eabi/11.3.1/../../../../arm-none-eabi/lib/thumb/v6-m/nofp/libc_nano.a(libc_a-malloc.o)
 .debug_frame   0x0000000000002ecc       0x50 /opt/st/stm32cubeide_1.13.2/plugins/com.st.stm32cube.ide.mcu.externaltools.gnu-tools-for-stm32.11.3.rel1.linux64_1.1.1.202309131626/tools/bin/../lib/gcc/arm-none-eabi/11.3.1/../../../../arm-none-eabi/lib/thumb/v6-m/nofp/libc_nano.a(libc_a-mallocr.o)
 .debug_frame   0x0000000000002f1c       0x40 /opt/st/stm32cubeide_1.13.2/plugins/com.st.stm32cube.ide.mcu.externaltools.gnu-tools-for-stm32.11.3.rel1.linux64_1.1.1.202309131626/tools/bin/../lib/gcc/arm-none-eabi/11.3.1/../../../../arm-none-eabi/lib/thumb/v6-m/nofp/libc_nano.a(libc_a-mlock.o)
 .debug_frame   0x0000000000002f5c      0x138 /opt/st/stm32cubeide_1.13.2/plugins/com.st.stm32cube.ide.mcu.externaltools.gnu-tools-for-stm32.11.3.rel1.linux64_1.1.1.202309131626/tools/bin/../lib/gcc/arm-none-eabi/11.3.1/../../../../arm-none-eabi/lib/thumb/v6-m/nofp/libc_nano.a(libc_a-findfp.o)
 .debug_frame   0x0000000000003094       0x20 /opt/st/stm32cubeide_1.13.2/plugins/com.st.stm32cube.ide.mcu.externaltools.gnu-tools-for-stm32.11.3.rel1.linux64_1.1.1.202309131626/tools/bin/../lib/gcc/arm-none-eabi/11.3.1/../../../../arm-none-eabi/lib/thumb/v6-m/nofp/libc_nano.a(libc_a-memset.o)
 .debug_frame   0x00000000000030b4       0x2c /opt/st/stm32cubeide_1.13.2/plugins/com.st.stm32cube.ide.mcu.externaltools.gnu-tools-for-stm32.11.3.rel1.linux64_1.1.1.202309131626/tools/bin/../lib/gcc/arm-none-eabi/11.3.1/../../../../arm-none-eabi/lib/thumb/v6-m/nofp/libc_nano.a(libc_a-reent.o)
 .debug_frame   0x00000000000030e0       0x2c /opt/st/stm32cubeide_1.13.2/plugins/com.st.stm32cube.ide.mcu.externaltools.gnu-tools-for-stm32.11.3.rel1.linux64_1.1.1.202309131626/tools/bin/../lib/gcc/arm-none-eabi/11.3.1/../../../../arm-none-eabi/lib/thumb/v6-m/nofp/libc_nano.a(libc_a-sbrkr.o)
 .debug_frame   0x000000000000310c       0x20 /opt/st/stm32cubeide_1.13.2/plugins/com.st.stm32cube.ide.mcu.externaltools.gnu-tools-for-stm32.11.3.rel1.linux64_1.1.1.202309131626/tools/bin/../lib/gcc/arm-none-eabi/11.3.1/../../../../arm-none-eabi/lib/thumb/v6-m/nofp/libc_nano.a(libc_a-errno.o)
 .debug_frame   0x000000000000312c       0x2c /opt/st/stm32cubeide_1.13.2/plugins/com.st.stm32cube.ide.mcu.externaltools.gnu-tools-for-stm32.11.3.rel1.linux64_1.1.1.202309131626/tools/bin/../lib/gcc/arm-none-eabi/11.3.1/../../../../arm-none-eabi/lib/thumb/v6-m/nofp/libc_nano.a(libc_a-init.o)
 .debug_frame   0x0000000000003158       0xb0 /opt/st/stm32cubeide_1.13.2/plugins/com.st.stm32cube.ide.mcu.externaltools.gnu-tools-for-stm32.11.3.rel1.linux64_1.1.1.202309131626/tools/bin/../lib/gcc/arm-none-eabi/11.3.1/../../../../arm-none-eabi/lib/thumb/v6-m/nofp/libc_nano.a(libc_a-lock.o)
 .debug_frame   0x0000000000003208       0x28 /opt/st/stm32cubeide_1.13.2/plugins/com.st.stm32cube.ide.mcu.externaltools.gnu-tools-for-stm32.11.3.rel1.linux64_1.1.1.202309131626/tools/bin/../lib/gcc/arm-none-eabi/11.3.1/../../../../arm-none-eabi/lib/thumb/v6-m/nofp/libc_nano.a(libc_a-memcpy-stub.o)
 .debug_frame   0x0000000000003230       0x2c /opt/st/stm32cubeide_1.13.2/plugins/com.st.stm32cube.ide.mcu.externaltools.gnu-tools-for-stm32.11.3.rel1.linux64_1.1.1.202309131626/tools/bin/../lib/gcc/arm-none-eabi/11.3.1/../../../../arm-none-eabi/lib/thumb/v6-m/nofp/libm.a(libm_a-wf_fmod.o)
 .debug_frame   0x000000000000325c       0x30 /opt/st/stm32cubeide_1.13.2/plugins/com.st.stm32cube.ide.mcu.externaltools.gnu-tools-for-stm32.11.3.rel1.linux64_1.1.1.202309131626/tools/bin/../lib/gcc/arm-none-eabi/11.3.1/../../../../arm-none-eabi/lib/thumb/v6-m/nofp/libm.a(libm_a-ef_fmod.o)
 .debug_frame   0x000000000000328c       0x20 /opt/st/stm32cubeide_1.13.2/plugins/com.st.stm32cube.ide.mcu.externaltools.gnu-tools-for-stm32.11.3.rel1.linux64_1.1.1.202309131626/tools/bin/../lib/gcc/arm-none-eabi/11.3.1/thumb/v6-m/nofp/libgcc.a(_udivsi3.o)
 .debug_frame   0x00000000000032ac       0x20 /opt/st/stm32cubeide_1.13.2/plugins/com.st.stm32cube.ide.mcu.externaltools.gnu-tools-for-stm32.11.3.rel1.linux64_1.1.1.202309131626/tools/bin/../lib/gcc/arm-none-eabi/11.3.1/thumb/v6-m/nofp/libgcc.a(_divsi3.o)
 .debug_frame   0x00000000000032cc       0x28 /opt/st/stm32cubeide_1.13.2/plugins/com.st.stm32cube.ide.mcu.externaltools.gnu-tools-for-stm32.11.3.rel1.linux64_1.1.1.202309131626/tools/bin/../lib/gcc/arm-none-eabi/11.3.1/thumb/v6-m/nofp/libgcc.a(_fixunssfsi.o)
 .debug_frame   0x00000000000032f4       0x38 /opt/st/stm32cubeide_1.13.2/plugins/com.st.stm32cube.ide.mcu.externaltools.gnu-tools-for-stm32.11.3.rel1.linux64_1.1.1.202309131626/tools/bin/../lib/gcc/arm-none-eabi/11.3.1/thumb/v6-m/nofp/libgcc.a(addsf3.o)
 .debug_frame   0x000000000000332c       0x38 /opt/st/stm32cubeide_1.13.2/plugins/com.st.stm32cube.ide.mcu.externaltools.gnu-tools-for-stm32.11.3.rel1.linux64_1.1.1.202309131626/tools/bin/../lib/gcc/arm-none-eabi/11.3.1/thumb/v6-m/nofp/libgcc.a(divsf3.o)
 .debug_frame   0x0000000000003364       0x2c /opt/st/stm32cubeide_1.13.2/plugins/com.st.stm32cube.ide.mcu.externaltools.gnu-tools-for-stm32.11.3.rel1.linux64_1.1.1.202309131626/tools/bin/../lib/gcc/arm-none-eabi/11.3.1/thumb/v6-m/nofp/libgcc.a(eqsf2.o)
 .debug_frame   0x0000000000003390       0x2c /opt/st/stm32cubeide_1.13.2/plugins/com.st.stm32cube.ide.mcu.externaltools.gnu-tools-for-stm32.11.3.rel1.linux64_1.1.1.202309131626/tools/bin/../lib/gcc/arm-none-eabi/11.3.1/thumb/v6-m/nofp/libgcc.a(gesf2.o)
 .debug_frame   0x00000000000033bc       0x2c /opt/st/stm32cubeide_1.13.2/plugins/com.st.stm32cube.ide.mcu.externaltools.gnu-tools-for-stm32.11.3.rel1.linux64_1.1.1.202309131626/tools/bin/../lib/gcc/arm-none-eabi/11.3.1/thumb/v6-m/nofp/libgcc.a(lesf2.o)
 .debug_frame   0x00000000000033e8       0x38 /opt/st/stm32cubeide_1.13.2/plugins/com.st.stm32cube.ide.mcu.externaltools.gnu-tools-for-stm32.11.3.rel1.linux64_1.1.1.202309131626/tools/bin/../lib/gcc/arm-none-eabi/11.3.1/thumb/v6-m/nofp/libgcc.a(mulsf3.o)