../Src/wsfx.c:32:6:wsfx_increment	24	static
../Src/wsfx.c:93:6:wsfx_init	24	static
../Src/wsfx.c:123:6:wsfx_setColor	16	static
../Src/wsfx.c:132:6:wsfx_setValue	16	static
../Src/wsfx.c:136:6:wsfx_setRepeat	16	static
../Src/wsfx.c:140:6:wsfx_setDirection	16	static
../Src/wsfx.c:144:6:wsfx_setPrescaler	16	static
../Src/wsfx.c:148:6:wsfx_setSaturation	16	static
../Src/wsfx.c:152:6:wsfx_setColorSecond	16	static
../Src/wsfx.c:159:6:wsfx_start	16	static
../Src/wsfx.c:166:6:wsfx_stop	16	static
../Src/wsfx.c:179:6:wsfx_interruptCallback	8	static
../Src/wsfx.c:183:6:_groupAction	48	static
../Src/wsfx.c:192:6:_groupTurnOff	32	static
../Src/wsfx.c:200:6:wsfx_step_movingLight	48	static
../Src/wsfx.c:251:6:wsfx_step_hueChange	32	static
../Src/wsfx.c:262:6:wsfx_step_pulse	40	static
../Src/wsfx.c:286:6:wsfx_step_blinker	40	static
../Src/wsfx.c:317:6:wsfx_step_turn	32	static
../Src/wsfx.c:334:6:wsfx_step_flyingLight	40	static
../Src/wsfx.c:356:6:wsfx_step_starting	64	static
../Src/wsfx.c:408:6:wsfx_step_constantColor	32	static
../Src/wsfx.c:419:6:wsfx_step_warp	48	static
